
Allocating common symbols
Common symbol       size              file

netbufpool          0x4               binaries/net.o
readylist           0x2               binaries/ready.o
rfltab              0x5a0             binaries/rflinit.o
sleepq              0x2               binaries/clkinit.o
nnames              0x4               binaries/naminit.o
udptab              0x168             binaries/udp.o
minheap             0x4               binaries/meminit.o
marks               0x50              binaries/mark.o
currpid             0x4               binaries/initialize.o
Lf_data             0x20c             binaries/lfsinit.o
porttab             0x2d0             binaries/ptinit.o
girmask             0x2               binaries/evec.o
ttytab              0x10c             binaries/ttyinit.o
proctab             0x1770            binaries/initialize.o
prcount             0x4               binaries/initialize.o
lfltab              0xf00             binaries/lflinit.o
rdstab              0x8c              binaries/rdsinit.o
ethertab            0x138             binaries/ethinit.o
NetData             0xa8              binaries/net.o
nmarks              0x4               binaries/mark.o
Defer               0x8               binaries/resched.o
semtab              0x4b0             binaries/initialize.o
maxheap             0x4               binaries/meminit.o
preempt             0x4               binaries/clkinit.o
buftab              0xf0              binaries/bufinit.o
Rf_data             0x18              binaries/rfsinit.o
clktimefine         0x4               binaries/clkinit.o
mkmutex             0x4               binaries/mark.o
clktime             0x4               binaries/clkinit.o
arpcache            0x140             binaries/arp.o
icmptab             0x230             binaries/icmp.o
nbpools             0x4               binaries/bufinit.o
queuetab            0x980             binaries/queue.o
ptnextid            0x4               binaries/ptinit.o
Ram                 0x19000           binaries/raminit.o
ipoqueue            0x2c              binaries/ip.o
memlist             0x8               binaries/initialize.o
nametab             0x19a0            binaries/naminit.o
ptfree              0x4               binaries/ptinit.o

Memory Configuration

Name             Origin             Length             Attributes
*default*        0x0000000000000000 0xffffffffffffffff

Linker script and memory map

                0x0000000000100000                physbase = 0x100000
                0x0000000000100000                . = physbase
                0x0000000000100000                . = ALIGN (0x1000)

.text           0x0000000000100000    0x15000
                0x0000000000100000                text = ABSOLUTE (.)
 *(.text .text.*)
 .text          0x0000000000100000      0x1ac binaries/start.o
                0x0000000000100028                start
                0x00000000001000fa                inb
                0x0000000000100102                inw
                0x000000000010010b                inl
                0x0000000000100113                outb
                0x000000000010011d                outw
                0x0000000000100128                outl
                0x0000000000100132                _rtcin
                0x000000000010013d                ___udivsi3
                0x0000000000100148                ___divsi3
                0x0000000000100154                sbzero
                0x0000000000100164                bcopy
                0x0000000000100178                insw
                0x000000000010018e                outsw
                0x00000000001001a4                lidt
 .text          0x00000000001001ac      0x2df binaries/ascdate.o
                0x00000000001001ac                ascdate
 .text          0x000000000010048b       0x14 binaries/bufinit.o
                0x000000000010048b                bufinit
 .text          0x000000000010049f       0x6c binaries/chprio.o
                0x000000000010049f                chprio
 .text          0x000000000010050b       0x7a binaries/clkhandler.o
                0x000000000010050b                clkhandler
 .text          0x0000000000100585       0x81 binaries/clkinit.o
                0x0000000000100585                clkinit
 .text          0x0000000000100606       0x51 binaries/close.o
                0x0000000000100606                close
 .text          0x0000000000100657        0x0 binaries/conf.o
 .text          0x0000000000100657       0x66 binaries/control.o
                0x0000000000100657                control
 .text          0x00000000001006bd      0x1ff binaries/create.o
                0x00000000001006bd                create
 .text          0x00000000001008bc      0x2bb binaries/early_imr.o
                0x00000000001008bc                intel_cln_early_sb_read_reg
                0x0000000000100923                intel_cln_early_sb_write_reg
                0x0000000000100a36                remove_irm_protections
 .text          0x0000000000100b77      0x37f binaries/evec.o
                0x0000000000100b77                setirmask
                0x0000000000100bb6                set_evec
                0x0000000000100c15                initevec
                0x0000000000100d29                trap
 .text          0x0000000000100ef6       0x6a binaries/freebuf.o
                0x0000000000100ef6                freebuf
 .text          0x0000000000100f60      0x102 binaries/freemem.o
                0x0000000000100f60                freemem
 .text          0x0000000000101062       0x69 binaries/getbuf.o
                0x0000000000101062                getbuf
 .text          0x00000000001010cb       0x51 binaries/getc.o
                0x00000000001010cb                getc
 .text          0x000000000010111c       0x68 binaries/getdev.o
                0x000000000010111c                getdev
 .text          0x0000000000101184       0x86 binaries/getitem.o
                0x0000000000101184                getitem
                0x00000000001011b3                getfirst
                0x00000000001011dc                getlast
 .text          0x000000000010120a       0xb5 binaries/getmem.o
                0x000000000010120a                getmem
 .text          0x00000000001012bf        0xa binaries/getpid.o
                0x00000000001012bf                getpid
 .text          0x00000000001012c9       0x5f binaries/getprio.o
                0x00000000001012c9                getprio
 .text          0x0000000000101328       0xa2 binaries/getstk.o
                0x0000000000101328                getstk
 .text          0x00000000001013ca       0x32 binaries/gettime.o
                0x00000000001013ca                gettime
 .text          0x00000000001013fc      0x1b4 binaries/getutime.o
                0x00000000001013fc                getutime
 .text          0x00000000001015b0       0x51 binaries/init.o
                0x00000000001015b0                init
 .text          0x0000000000101601      0x2d7 binaries/initialize.o
                0x0000000000101601                nulluser
                0x000000000010188b                stop
                0x00000000001018b2                delay
 .text          0x00000000001018d8       0xa1 binaries/insert.o
                0x00000000001018d8                insert
 .text          0x0000000000101979       0xf1 binaries/insertd.o
                0x0000000000101979                insertd
 .text          0x0000000000101a6a        0xa binaries/ioerr.o
                0x0000000000101a6a                ioerr
 .text          0x0000000000101a74        0xa binaries/ionull.o
                0x0000000000101a74                ionull
 .text          0x0000000000101a7e      0x142 binaries/kill.o
                0x0000000000101a7e                kill
 .text          0x0000000000101bc0       0xbf binaries/kprintf.o
                0x0000000000101bc0                kputc
                0x0000000000101bf2                console_init
                0x0000000000101c32                kgetc
                0x0000000000101c58                kprintf
 .text          0x0000000000101c7f      0x123 binaries/main.o
                0x0000000000101c7f                main
 .text          0x0000000000101da2       0x97 binaries/mark.o
                0x0000000000101da2                markinit
                0x0000000000101dc5                mark
 .text          0x0000000000101e39      0x1c7 binaries/meminit.o
                0x0000000000101e39                meminit
                0x0000000000101f88                setsegs
 .text          0x0000000000102000      0x111 binaries/mkbufpool.o
                0x0000000000102000                mkbufpool
 .text          0x0000000000102111       0x63 binaries/newqueue.o
                0x0000000000102111                newqueue
 .text          0x0000000000102174       0x5f binaries/open.o
                0x0000000000102174                open
 .text          0x00000000001021d3       0x20 binaries/panic.o
                0x00000000001021d3                panic
 .text          0x00000000001021f3      0x27a binaries/pci.o
                0x00000000001021f3                pci_init
                0x00000000001021fd                find_pci_device
                0x00000000001022ba                pci_read_config_byte
                0x00000000001022f6                pci_read_config_word
                0x0000000000102334                pci_read_config_dword
                0x0000000000102370                pci_write_config_byte
                0x00000000001023aa                pci_write_config_word
                0x00000000001023e5                pci_write_config_dword
                0x000000000010241f                pci_get_dev_mmio_base_addr
 .text          0x000000000010246d       0x5a binaries/platinit.o
                0x000000000010246d                platinit
 .text          0x00000000001024c7       0xa9 binaries/ptclear.o
                0x00000000001024c7                _ptclear
 .text          0x0000000000102570       0x71 binaries/ptcount.o
                0x0000000000102570                ptcount
 .text          0x00000000001025e1       0xc3 binaries/ptcreate.o
                0x00000000001025e1                ptcreate
 .text          0x00000000001026a4       0x68 binaries/ptdelete.o
                0x00000000001026a4                ptdelete
 .text          0x000000000010270c       0x8c binaries/ptinit.o
                0x000000000010270c                ptinit
 .text          0x0000000000102798       0xc0 binaries/ptrecv.o
                0x0000000000102798                ptrecv
 .text          0x0000000000102858       0x62 binaries/ptreset.o
                0x0000000000102858                ptreset
 .text          0x00000000001028ba       0xd2 binaries/ptsend.o
                0x00000000001028ba                ptsend
 .text          0x000000000010298c       0x5f binaries/putc.o
                0x000000000010298c                putc
 .text          0x00000000001029eb       0xd3 binaries/quark_irq.o
                0x00000000001029eb                quark_irq_routing
 .text          0x0000000000102abe      0x1c1 binaries/quark_pdat.o
                0x0000000000102abe                get_quark_pdat_entry_data_by_id
                0x0000000000102b9b                get_quark_pdat_entry_data_by_desc
 .text          0x0000000000102c7f       0xb5 binaries/queue.o
                0x0000000000102c7f                enqueue
                0x0000000000102ced                dequeue
 .text          0x0000000000102d34       0x5f binaries/read.o
                0x0000000000102d34                read
 .text          0x0000000000102d93       0x6e binaries/ready.o
                0x0000000000102d93                ready
 .text          0x0000000000102e01       0x55 binaries/receive.o
                0x0000000000102e01                receive
 .text          0x0000000000102e56       0x46 binaries/recvclr.o
                0x0000000000102e56                recvclr
 .text          0x0000000000102e9c       0xa0 binaries/recvtime.o
                0x0000000000102e9c                recvtime
 .text          0x0000000000102f3c      0x14d binaries/resched.o
                0x0000000000102f3c                resched
                0x0000000000103017                resched_cntl
 .text          0x0000000000103089       0x8a binaries/resume.o
                0x0000000000103089                resume
 .text          0x0000000000103113       0x58 binaries/seek.o
                0x0000000000103113                seek
 .text          0x000000000010316b       0x4a binaries/semcount.o
                0x000000000010316b                semcount
 .text          0x00000000001031b5       0x95 binaries/semcreate.o
                0x00000000001031b5                semcreate
 .text          0x000000000010324a       0xab binaries/semdelete.o
                0x000000000010324a                semdelete
 .text          0x00000000001032f5       0x96 binaries/semreset.o
                0x00000000001032f5                semreset
 .text          0x000000000010338b       0xb6 binaries/send.o
                0x000000000010338b                send
 .text          0x0000000000103441       0x7f binaries/signal.o
                0x0000000000103441                signal
 .text          0x00000000001034c0       0xaa binaries/signaln.o
                0x00000000001034c0                signaln
 .text          0x000000000010356a       0xbf binaries/sleep.o
                0x000000000010356a                sleepms
                0x00000000001035f7                sleep
 .text          0x0000000000103629      0x18e binaries/stacktrace.o
                0x0000000000103629                stacktrace
 .text          0x00000000001037b7       0xb9 binaries/suspend.o
                0x00000000001037b7                suspend
 .text          0x0000000000103870       0xab binaries/unsleep.o
                0x0000000000103870                unsleep
 .text          0x000000000010391b       0x15 binaries/userret.o
                0x000000000010391b                userret
 .text          0x0000000000103930       0xa2 binaries/wait.o
                0x0000000000103930                wait
 .text          0x00000000001039d2       0x72 binaries/wakeup.o
                0x00000000001039d2                wakeup
 .text          0x0000000000103a44       0x5f binaries/write.o
                0x0000000000103a44                write
 .text          0x0000000000103aa3       0x19 binaries/xdone.o
                0x0000000000103aa3                xdone
 .text          0x0000000000103abc       0x26 binaries/yield.o
                0x0000000000103abc                yield
 .text          0x0000000000103ae2       0x29 binaries/lab0app1.o
                0x0000000000103ae2                lab0app1
 .text          0x0000000000103b0b       0x31 binaries/lab0app2.o
                0x0000000000103b0b                lab0app2
 .text          0x0000000000103b3c       0x9e binaries/printsegaddress.o
                0x0000000000103b3c                printsegaddress
 .text          0x0000000000103bda       0xcd binaries/stackdepth.o
                0x0000000000103bda                stackdepth
 .text          0x0000000000103ca7       0x33 binaries/printloop.o
                0x0000000000103ca7                printloop
 .text          0x0000000000103cda       0x3d binaries/printnoloop.o
                0x0000000000103cda                printnoloop
 .text          0x0000000000103d17       0x2e binaries/myvictim.o
                0x0000000000103d17                sleep2ms
                0x0000000000103d2b                dostuff
                0x0000000000103d38                myvictim
 .text          0x0000000000103d45       0x53 binaries/myattacker.o
                0x0000000000103d45                myattackermalware
                0x0000000000103d74                myattacker
 .text          0x0000000000103d98       0x11 binaries/abs.o
                0x0000000000103d98                abs
 .text          0x0000000000103da9       0x73 binaries/atoi.o
                0x0000000000103da9                atoi
 .text          0x0000000000103e1c       0x73 binaries/atol.o
                0x0000000000103e1c                atol
 .text          0x0000000000103e8f       0x1a binaries/bzero.o
                0x0000000000103e8f                bzero
 .text          0x0000000000103ea9        0x0 binaries/ctype_.o
 .text          0x0000000000103ea9      0x682 binaries/doprnt.o
                0x0000000000103ff9                _doprnt
 .text          0x000000000010452b      0x576 binaries/doscan.o
                0x000000000010452b                _doscan
 .text          0x0000000000104aa1      0x635 binaries/fdoprnt.o
                0x0000000000104b23                _fdoprnt
 .text          0x00000000001050d6       0x1c binaries/fgetc.o
                0x00000000001050d6                fgetc
 .text          0x00000000001050f2       0x5d binaries/fgets.o
                0x00000000001050f2                fgets
 .text          0x000000000010514f       0x2e binaries/fprintf.o
                0x000000000010514f                fprintf
 .text          0x000000000010517d       0x27 binaries/fputc.o
                0x000000000010517d                fputc
 .text          0x00000000001051a4       0x3c binaries/fputs.o
                0x00000000001051a4                fputs
 .text          0x00000000001051e0       0x7b binaries/fscanf.o
                0x000000000010521c                fscanf
 .text          0x000000000010525b       0x28 binaries/getchar.o
                0x000000000010525b                getchar
 .text          0x0000000000105283       0x11 binaries/labs.o
                0x0000000000105283                labs
 .text          0x0000000000105294       0x36 binaries/memchr.o
                0x0000000000105294                memchr
 .text          0x00000000001052ca       0x4b binaries/memcmp.o
                0x00000000001052ca                memcmp
 .text          0x0000000000105315       0x26 binaries/memcpy.o
                0x0000000000105315                memcpy
 .text          0x000000000010533b       0x1f binaries/memset.o
                0x000000000010533b                memset
 .text          0x000000000010535a       0x43 binaries/printf.o
                0x000000000010535a                printf
 .text          0x000000000010539d       0x2f binaries/putchar.o
                0x000000000010539d                putchar
 .text          0x00000000001053cc      0x1c2 binaries/qsort.o
                0x0000000000105566                qsort
 .text          0x000000000010558e       0x4b binaries/rand.o
                0x000000000010558e                srand
                0x000000000010559b                rand
 .text          0x00000000001055d9       0x55 binaries/sprintf.o
                0x00000000001055f2                sprintf
 .text          0x000000000010562e       0x6f binaries/sscanf.o
                0x000000000010565e                sscanf
 .text          0x000000000010569d       0x35 binaries/strchr.o
                0x000000000010569d                strchr
 .text          0x00000000001056d2       0x45 binaries/strcmp.o
                0x00000000001056d2                strcmp
 .text          0x0000000000105717       0x1c binaries/strcpy.o
                0x0000000000105717                strcpy
 .text          0x0000000000105733       0x20 binaries/strlen.o
                0x0000000000105733                strlen
 .text          0x0000000000105753       0x3c binaries/strncat.o
                0x0000000000105753                strncat
 .text          0x000000000010578f       0x3b binaries/strncmp.o
                0x000000000010578f                strncmp
 .text          0x00000000001057ca       0x59 binaries/strncpy.o
                0x00000000001057ca                strncpy
 .text          0x0000000000105823       0x32 binaries/strnlen.o
                0x0000000000105823                strnlen
 .text          0x0000000000105855       0x32 binaries/strrchr.o
                0x0000000000105855                strrchr
 .text          0x0000000000105887       0x71 binaries/strstr.o
                0x0000000000105887                strstr
 .text          0x00000000001058f8       0xbd binaries/ttycontrol.o
                0x00000000001058f8                ttycontrol
 .text          0x00000000001059b5       0x7e binaries/ttygetc.o
                0x00000000001059b5                ttygetc
 .text          0x0000000000105a33      0x4a3 binaries/ttyhandle_in.o
                0x0000000000105af6                ttyhandle_in
 .text          0x0000000000105ed6      0x170 binaries/ttyhandle_out.o
                0x0000000000105ed6                ttyhandle_out
 .text          0x0000000000106046       0x87 binaries/ttyhandler.o
                0x0000000000106046                ttyhandler
 .text          0x00000000001060cd      0x151 binaries/ttyinit.o
                0x00000000001060cd                ttyinit
 .text          0x000000000010621e        0xf binaries/ttykickout.o
                0x000000000010621e                ttykickout
 .text          0x000000000010622d       0x95 binaries/ttyputc.o
                0x000000000010622d                ttyputc
 .text          0x00000000001062c2       0xec binaries/ttyread.o
                0x00000000001062c2                ttyread
 .text          0x00000000001063ae       0x4e binaries/ttywrite.o
                0x00000000001063ae                ttywrite
 .text          0x00000000001063fc      0x110 binaries/mount.o
                0x00000000001063fc                namlen
                0x0000000000106438                mount
 .text          0x000000000010650c      0x205 binaries/naminit.o
                0x000000000010650c                naminit
 .text          0x0000000000106711      0x203 binaries/nammap.o
                0x0000000000106711                namrepl
                0x0000000000106824                namcpy
                0x0000000000106872                nammap
 .text          0x0000000000106914       0x4e binaries/namopen.o
                0x0000000000106914                namopen
 .text          0x0000000000106962       0xdd binaries/colon2mac.o
                0x0000000000106962                colon2mac
 .text          0x0000000000106a3f       0x77 binaries/ethcontrol.o
                0x0000000000106a3f                ethcontrol
 .text          0x0000000000106ab6      0x106 binaries/ethhandler.o
                0x0000000000106ab6                ethhandler
 .text          0x0000000000106bbc      0x4da binaries/ethinit.o
                0x0000000000106bbc                eth_phy_read
                0x0000000000106bfe                eth_phy_write
                0x0000000000106c41                eth_phy_reset
                0x0000000000106d40                ethinit
 .text          0x0000000000107096      0x125 binaries/ethmcast.o
                0x0000000000107096                ethmcast_add
                0x00000000001070eb                ethmcast_remove
 .text          0x00000000001071bb      0x14b binaries/ethread.o
                0x00000000001071bb                ethread
 .text          0x0000000000107306       0xa6 binaries/ethwrite.o
                0x0000000000107306                ethwrite
 .text          0x00000000001073ac       0x65 binaries/rdsbufalloc.o
                0x00000000001073ac                rdsbufalloc
 .text          0x0000000000107411       0x82 binaries/rdsclose.o
                0x0000000000107411                rdsclose
 .text          0x0000000000107493      0x1f1 binaries/rdscomm.o
                0x0000000000107493                rdscomm
 .text          0x0000000000107684      0x18f binaries/rdscontrol.o
                0x0000000000107684                rdscontrol
 .text          0x0000000000107813      0x183 binaries/rdsinit.o
                0x0000000000107813                rdsinit
 .text          0x0000000000107996      0x15b binaries/rdsopen.o
                0x0000000000107996                rdsopen
 .text          0x0000000000107af1      0x2e4 binaries/rdsprocess.o
                0x0000000000107af1                rdsprocess
 .text          0x0000000000107dd5      0x18b binaries/rdsread.o
                0x0000000000107dd5                rdsread
 .text          0x0000000000107f60      0x141 binaries/rdswrite.o
                0x0000000000107f60                rdswrite
 .text          0x00000000001080a1        0xa binaries/ramclose.o
                0x00000000001080a1                ramclose
 .text          0x00000000001080ab       0x45 binaries/raminit.o
                0x00000000001080ab                raminit
 .text          0x00000000001080f0        0xa binaries/ramopen.o
                0x00000000001080f0                ramopen
 .text          0x00000000001080fa       0x2f binaries/ramread.o
                0x00000000001080fa                ramread
 .text          0x0000000000108129       0x2f binaries/ramwrite.o
                0x0000000000108129                ramwrite
 .text          0x0000000000108158       0x94 binaries/lfdballoc.o
                0x0000000000108158                lfdballoc
 .text          0x00000000001081ec       0x5d binaries/lfdbfree.o
                0x00000000001081ec                lfdbfree
 .text          0x0000000000108249       0xad binaries/lfflush.o
                0x0000000000108249                lfflush
 .text          0x00000000001082f6       0x82 binaries/lfgetmode.o
                0x00000000001082f6                lfgetmode
 .text          0x0000000000108378       0x6a binaries/lfiballoc.o
                0x0000000000108378                lfiballoc
 .text          0x00000000001083e2       0x27 binaries/lfibclear.o
                0x00000000001083e2                lfibclear
 .text          0x0000000000108409       0x75 binaries/lfibget.o
                0x0000000000108409                lfibget
 .text          0x000000000010847e       0x9d binaries/lfibput.o
                0x000000000010847e                lfibput
 .text          0x000000000010851b       0x79 binaries/lflclose.o
                0x000000000010851b                lflclose
 .text          0x0000000000108594       0xa3 binaries/lflcontrol.o
                0x0000000000108594                lflcontrol
 .text          0x0000000000108637       0xa1 binaries/lflgetc.o
                0x0000000000108637                lflgetc
 .text          0x00000000001086d8       0xbb binaries/lflinit.o
                0x00000000001086d8                lflinit
 .text          0x0000000000108793       0xbc binaries/lflputc.o
                0x0000000000108793                lflputc
 .text          0x000000000010884f       0x6b binaries/lflread.o
                0x000000000010884f                lflread
 .text          0x00000000001088ba       0x84 binaries/lflseek.o
                0x00000000001088ba                lflseek
 .text          0x000000000010893e       0x5a binaries/lflwrite.o
                0x000000000010893e                lflwrite
 .text          0x0000000000108998      0x126 binaries/lfsckfmt.o
                0x0000000000108998                lfsckfmt
 .text          0x0000000000108abe      0x201 binaries/lfscreate.o
                0x0000000000108abe                lfscreate
 .text          0x0000000000108cbf      0x1b8 binaries/lfsetup.o
                0x0000000000108cbf                lfsetup
 .text          0x0000000000108e77       0x52 binaries/lfsinit.o
                0x0000000000108e77                lfsinit
 .text          0x0000000000108ec9      0x2ab binaries/lfsopen.o
                0x0000000000108ec9                lfsopen
 .text          0x0000000000109174      0x117 binaries/lftruncate.o
                0x0000000000109174                lftruncate
 .text          0x000000000010928b       0x5a binaries/rflclose.o
                0x000000000010928b                rflclose
 .text          0x00000000001092e5       0x32 binaries/rflgetc.o
                0x00000000001092e5                rflgetc
 .text          0x0000000000109317       0x4e binaries/rflinit.o
                0x0000000000109317                rflinit
 .text          0x0000000000109365       0x37 binaries/rflputc.o
                0x0000000000109365                rflputc
 .text          0x000000000010939c      0x285 binaries/rflread.o
                0x000000000010939c                rflread
 .text          0x0000000000109621       0x5f binaries/rflseek.o
                0x0000000000109621                rflseek
 .text          0x0000000000109680      0x2c5 binaries/rflwrite.o
                0x0000000000109680                rflwrite
 .text          0x0000000000109945      0x183 binaries/rfscomm.o
                0x0000000000109945                rfscomm
 .text          0x0000000000109ac8      0x232 binaries/rfscontrol.o
                0x0000000000109ac8                rfscontrol
 .text          0x0000000000109cfa       0x82 binaries/rfsgetmode.o
                0x0000000000109cfa                rfsgetmode
 .text          0x0000000000109d7c       0x77 binaries/rfsinit.o
                0x0000000000109d7c                rfsinit
 .text          0x0000000000109df3       0xb1 binaries/rfsndmsg.o
                0x0000000000109df3                rfsndmsg
 .text          0x0000000000109ea4      0x220 binaries/rfsopen.o
                0x0000000000109ea4                rfsopen
 .text          0x000000000010a0c4      0x645 binaries/arp.o
                0x000000000010a0c4                arp_init
                0x000000000010a0e0                arp_alloc
                0x000000000010a194                arp_ntoh
                0x000000000010a201                arp_hton
                0x000000000010a26e                arp_resolve
                0x000000000010a4dc                arp_in
 .text          0x000000000010a709      0x667 binaries/dhcp.o
                0x000000000010a709                dhcp_get_opt_val
                0x000000000010a75d                dhcp_bld_bootp_msg
                0x000000000010a85e                dhcp_bld_disc
                0x000000000010a8b3                dhcp_bld_req
                0x000000000010a952                getlocalip
 .text          0x000000000010ad70       0xe0 binaries/dot2ip.o
                0x000000000010ad70                dot2ip
 .text          0x000000000010ae50      0x373 binaries/hexdump.o
                0x000000000010ae50                hexdump
                0x000000000010af89                hexadump
 .text          0x000000000010b1c3      0x5fb binaries/icmp.o
                0x000000000010b1c3                icmp_init
                0x000000000010b1df                icmp_register
                0x000000000010b294                icmp_recv
                0x000000000010b3e5                icmp_mkpkt
                0x000000000010b4bc                icmp_in
                0x000000000010b5f8                icmp_send
                0x000000000010b674                icmp_release
                0x000000000010b731                icmp_cksum
                0x000000000010b790                icmp_hton
                0x000000000010b7a7                icmp_ntoh
 .text          0x000000000010b7be      0x57c binaries/ip.o
                0x000000000010b7be                ip_local
                0x000000000010b7f2                ipcksum
                0x000000000010b846                ip_ntoh
                0x000000000010b8b3                ip_in
                0x000000000010b9ab                ip_hton
                0x000000000010ba18                ip_out
                0x000000000010bacf                ip_send
                0x000000000010bbcd                ipout
                0x000000000010bcac                ip_enqueue
 .text          0x000000000010bd3a      0x1dd binaries/net.o
                0x000000000010bd3a                net_init
                0x000000000010be76                eth_hton
                0x000000000010be83                eth_ntoh
                0x000000000010be90                netin
 .text          0x000000000010bf17       0xd7 binaries/netstart.o
                0x000000000010bf17                netstart
 .text          0x000000000010bfee      0xb45 binaries/pdump.o
                0x000000000010bfee                pdump
                0x000000000010c65e                pdumph
 .text          0x000000000010cb33      0x5ce binaries/tftp.o
                0x000000000010cb33                tftp_send1
                0x000000000010cc5f                tftpget_mb
                0x000000000010d0c8                tftpget
 .text          0x000000000010d101      0x7f1 binaries/udp.o
                0x000000000010d101                udp_init
                0x000000000010d142                udp_in
                0x000000000010d203                udp_register
                0x000000000010d2ef                udp_recv
                0x000000000010d40f                udp_recvaddr
                0x000000000010d544                udp_send
                0x000000000010d6ba                udp_sendto
                0x000000000010d807                udp_release
                0x000000000010d8c4                udp_ntoh
                0x000000000010d8db                udp_hton
 .text          0x000000000010d8f2       0xff binaries/addargs.o
                0x000000000010d8f2                addargs
 .text          0x000000000010d9f1      0x1f1 binaries/lexan.o
                0x000000000010d9f1                lexan
 .text          0x000000000010dbe2      0x6ad binaries/shell.o
                0x000000000010dbe2                shell
 .text          0x000000000010e28f       0x5d binaries/xsh_argecho.o
                0x000000000010e28f                xsh_argecho
 .text          0x000000000010e2ec      0x1d4 binaries/xsh_arp.o
                0x000000000010e2ec                xsh_arp
 .text          0x000000000010e4c0      0x220 binaries/xsh_cat.o
                0x000000000010e4c0                xsh_cat
 .text          0x000000000010e6e0       0x57 binaries/xsh_clear.o
                0x000000000010e6e0                xsh_clear
 .text          0x000000000010e737      0x2bd binaries/xsh_date.o
                0x000000000010e737                xsh_date
 .text          0x000000000010e9f4       0x92 binaries/xsh_devdump.o
                0x000000000010e9f4                xsh_devdump
 .text          0x000000000010ea86       0x62 binaries/xsh_echo.o
                0x000000000010ea86                xsh_echo
 .text          0x000000000010eae8        0xa binaries/xsh_exit.o
                0x000000000010eae8                xsh_exit
 .text          0x000000000010eaf2      0x332 binaries/xsh_help.o
                0x000000000010eaf2                xsh_help
 .text          0x000000000010ee24      0x42d binaries/xsh_ipaddr.o
                0x000000000010ee24                xsh_ipaddr
 .text          0x000000000010f251      0x1fb binaries/xsh_kill.o
                0x000000000010f251                xsh_kill
 .text          0x000000000010f44c      0x402 binaries/xsh_memdump.o
                0x000000000010f506                xsh_memdump
 .text          0x000000000010f84e      0x1fd binaries/xsh_memstat.o
                0x000000000010f84e                xsh_memstat
 .text          0x000000000010fa4b      0x31c binaries/xsh_ping.o
                0x000000000010fa4b                xsh_ping
 .text          0x000000000010fd67      0x1fe binaries/xsh_ps.o
                0x000000000010fd67                xsh_ps
 .text          0x000000000010ff65      0x1e9 binaries/xsh_sleep.o
                0x000000000010ff65                xsh_sleep
 .text          0x000000000011014e      0x22a binaries/xsh_udpdump.o
                0x000000000011014e                xsh_udpdump
 .text          0x0000000000110378      0x454 binaries/xsh_udpecho.o
                0x0000000000110378                xsh_udpecho
 .text          0x00000000001107cc      0x27d binaries/xsh_udpeserver.o
                0x00000000001107cc                xsh_udpeserver
 .text          0x0000000000110a49      0x1cd binaries/xsh_uptime.o
                0x0000000000110a49                xsh_uptime
 .text          0x0000000000110c16       0x19 binaries/xsh_ship.o
                0x0000000000110c16                xsh_ship
 .text          0x0000000000110c2f        0xe binaries/clkdisp.o
                0x0000000000110c2f                clkdisp
 .text          0x0000000000110c3d       0x19 binaries/ctxsw.o
                0x0000000000110c3d                ctxsw
 .text          0x0000000000110c56      0x36b binaries/intr.o
                0x0000000000110c56                disable
                0x0000000000110c5f                restore
                0x0000000000110c6d                enable
                0x0000000000110c6f                pause
                0x0000000000110c76                halt
                0x0000000000110c7c                spurious_irq7
                0x0000000000110c81                spurious_irq15
                0x0000000000110c90                _Xint0
                0x0000000000110c9b                _Xint1
                0x0000000000110ca6                _Xint2
                0x0000000000110cb1                _Xint3
                0x0000000000110cbc                _Xint4
                0x0000000000110cc7                _Xint5
                0x0000000000110cd2                _Xint6
                0x0000000000110cdd                _Xint7
                0x0000000000110ce8                _Xint8
                0x0000000000110cf3                _Xint9
                0x0000000000110cfe                _Xint10
                0x0000000000110d09                _Xint11
                0x0000000000110d17                _Xint12
                0x0000000000110d25                _Xint13
                0x0000000000110d33                _Xint14
                0x0000000000110d41                _Xint15
                0x0000000000110d4f                _Xint16
                0x0000000000110d5d                _Xint17
                0x0000000000110d6b                _Xint18
                0x0000000000110d79                _Xint19
                0x0000000000110d87                _Xint20
                0x0000000000110d95                _Xint21
                0x0000000000110da3                _Xint22
                0x0000000000110db1                _Xint23
                0x0000000000110dbf                _Xint24
                0x0000000000110dcd                _Xint25
                0x0000000000110ddb                _Xint26
                0x0000000000110de9                _Xint27
                0x0000000000110df7                _Xint28
                0x0000000000110e05                _Xint29
                0x0000000000110e13                _Xint30
                0x0000000000110e21                _Xint31
                0x0000000000110e2f                _Xint32
                0x0000000000110e3d                _Xint33
                0x0000000000110e4b                _Xint34
                0x0000000000110e59                _Xint35
                0x0000000000110e67                _Xint36
                0x0000000000110e75                _Xint37
                0x0000000000110e83                _Xint38
                0x0000000000110e91                _Xint39
                0x0000000000110e9f                _Xint40
                0x0000000000110ead                _Xint41
                0x0000000000110ebb                _Xint42
                0x0000000000110ec9                _Xint43
                0x0000000000110ed7                _Xint44
                0x0000000000110ee5                _Xint45
                0x0000000000110ef3                _Xint46
                0x0000000000110f01                defevec
 .text          0x0000000000110fc1        0xa binaries/host2netl.o
                0x0000000000110fc1                host2netl
 .text          0x0000000000110fcb        0xf binaries/ttydispatch.o
                0x0000000000110fcb                ttydispatch
 .text          0x0000000000110fda       0x13 binaries/ethdispatch.o
                0x0000000000110fda                ethdispatch
 *(.rodata .rodata.*)
 .rodata.str1.1
                0x0000000000110fed       0x54 binaries/ascdate.o
 *fill*         0x0000000000111041        0x3 
 .rodata.str1.4
                0x0000000000111044       0x22 binaries/ascdate.o
 .rodata.str1.1
                0x0000000000111066       0x5f binaries/conf.o
 *fill*         0x00000000001110c5        0x3 
 .rodata.str1.4
                0x00000000001110c8       0x4f binaries/early_imr.o
 .rodata        0x0000000000111117       0x30 binaries/early_imr.o
 .rodata.str1.1
                0x0000000000111147      0x20c binaries/evec.o
 *fill*         0x0000000000111353        0x1 
 .rodata.str1.4
                0x0000000000111354       0x23 binaries/evec.o
 .rodata.str1.1
                0x0000000000111377        0xb binaries/getutime.o
 *fill*         0x0000000000111382        0x2 
 .rodata.str1.4
                0x0000000000111384       0x54 binaries/getutime.o
 .rodata.str1.1
                0x00000000001113d8       0x88 binaries/initialize.o
                                         0x8c (size before relaxing)
 .rodata.str1.4
                0x0000000000111460      0x54a binaries/initialize.o
 *fill*         0x00000000001119aa        0x2 
 .rodata        0x00000000001119ac       0x20 binaries/kill.o
 .rodata.str1.1
                0x00000000001119cc       0x1a binaries/main.o
 *fill*         0x00000000001119e6        0x2 
 .rodata.str1.4
                0x00000000001119e8       0x22 binaries/main.o
 *fill*         0x0000000000111a0a        0x2 
 .rodata.str1.4
                0x0000000000111a0c       0x23 binaries/meminit.o
 .rodata.str1.1
                0x0000000000111a2f       0x1b binaries/meminit.o
 .rodata.str1.1
                0x0000000000111a4a        0xf binaries/panic.o
 .rodata.str1.1
                0x0000000000111a59       0x1c binaries/ptinit.o
 *fill*         0x0000000000111a75        0x3 
 .rodata.str1.4
                0x0000000000111a78       0x25 binaries/ptsend.o
 .rodata.str1.1
                0x0000000000111a9d       0x22 binaries/quark_pdat.o
 *fill*         0x0000000000111abf        0x1 
 .rodata.str1.4
                0x0000000000111ac0       0x63 binaries/stacktrace.o
 .rodata.str1.1
                0x0000000000111b23       0x52 binaries/stacktrace.o
 *fill*         0x0000000000111b75        0x3 
 .rodata.str1.4
                0x0000000000111b78       0x27 binaries/xdone.o
 *fill*         0x0000000000111b9f        0x1 
 .rodata.str1.4
                0x0000000000111ba0       0x25 binaries/lab0app1.o
 .rodata.str1.1
                0x0000000000111bc5       0x10 binaries/lab0app1.o
 .rodata.str1.1
                0x0000000000111bd5       0x17 binaries/lab0app2.o
                                         0x27 (size before relaxing)
 .rodata.str1.4
                0x0000000000111bec       0xc4 binaries/printsegaddress.o
 .rodata.str1.1
                0x0000000000111cb0       0x34 binaries/stackdepth.o
 .rodata.str1.4
                0x0000000000111ce4       0x4d binaries/stackdepth.o
 .rodata.str1.1
                0x0000000000111d31        0x3 binaries/printloop.o
 .rodata.str1.1
                0x0000000000111d34       0x15 binaries/printnoloop.o
 .rodata.str1.1
                0x0000000000111d49       0x18 binaries/myattacker.o
 *fill*         0x0000000000111d61       0x1f 
 .rodata        0x0000000000111d80       0x81 binaries/ctype_.o
                0x0000000000111d80                _ctype_
 .rodata.str1.1
                0x0000000000111e01       0x29 binaries/doprnt.o
 *fill*         0x0000000000111e2a        0x2 
 .rodata        0x0000000000111e2c       0xc4 binaries/doprnt.o
 .rodata        0x0000000000111ef0       0x98 binaries/doscan.o
 .rodata.str1.1
                0x0000000000000000       0x29 binaries/fdoprnt.o
 .rodata        0x0000000000111f88       0x84 binaries/fdoprnt.o
 .rodata        0x000000000011200c       0x20 binaries/ttycontrol.o
 .rodata.str1.4
                0x000000000011202c       0x4c binaries/naminit.o
 .rodata.str1.1
                0x0000000000112078       0x32 binaries/naminit.o
                                         0x35 (size before relaxing)
 .rodata.str1.1
                0x00000000001120aa       0x15 binaries/ethinit.o
 *fill*         0x00000000001120bf        0x1 
 .rodata.str1.4
                0x00000000001120c0       0x2e binaries/ethinit.o
 *fill*         0x00000000001120ee        0x2 
 .rodata.str1.4
                0x00000000001120f0       0x2c binaries/rdsbufalloc.o
 .rodata.str1.4
                0x000000000011211c       0x76 binaries/rdscomm.o
 *fill*         0x0000000000112192        0x2 
 .rodata.str1.4
                0x0000000000112194       0x48 binaries/rdscontrol.o
 .rodata.str1.4
                0x00000000001121dc       0x7e binaries/rdsinit.o
 .rodata.str1.1
                0x000000000011225a       0x18 binaries/rdsinit.o
 *fill*         0x0000000000112272        0x2 
 .rodata.str1.4
                0x0000000000112274       0x22 binaries/rdsopen.o
 *fill*         0x0000000000112296        0x2 
 .rodata.str1.4
                0x0000000000112298       0x4d binaries/rdsprocess.o
 .rodata.str1.1
                0x00000000001122e5        0x9 binaries/raminit.o
 .rodata.str1.1
                0x00000000001122ee       0x13 binaries/lfdballoc.o
 *fill*         0x0000000000112301        0x3 
 .rodata.str1.4
                0x0000000000112304       0x23 binaries/lfdballoc.o
 .rodata.str1.1
                0x0000000000112327       0x14 binaries/lfiballoc.o
 *fill*         0x000000000011233b        0x1 
 .rodata.str1.4
                0x000000000011233c       0x23 binaries/lflcontrol.o
 .rodata.str1.1
                0x000000000011235f       0x64 binaries/lfsckfmt.o
 *fill*         0x00000000001123c3        0x1 
 .rodata.str1.4
                0x00000000001123c4       0x51 binaries/lfsckfmt.o
 *fill*         0x0000000000112415        0x3 
 .rodata.str1.4
                0x0000000000112418       0x21 binaries/rflread.o
 .rodata.str1.4
                0x0000000000000000       0x21 binaries/rflwrite.o
 *fill*         0x0000000000112439        0x3 
 .rodata.str1.4
                0x000000000011243c       0x75 binaries/rfscomm.o
 *fill*         0x00000000001124b1        0x3 
 .rodata.str1.4
                0x00000000001124b4       0x23 binaries/rfscontrol.o
 *fill*         0x00000000001124d7        0x1 
 .rodata        0x00000000001124d8       0x18 binaries/rfscontrol.o
 .rodata.str1.1
                0x0000000000000000       0x10 binaries/rfsinit.o
 .rodata.str1.4
                0x00000000001124f0       0x57 binaries/rfsinit.o
 *fill*         0x0000000000112547        0x1 
 .rodata.str1.4
                0x0000000000112548       0x2a binaries/rfsndmsg.o
 .rodata.str1.4
                0x0000000000000000       0x22 binaries/rfsopen.o
 .rodata.str1.1
                0x0000000000112572       0x19 binaries/arp.o
 *fill*         0x000000000011258b        0x1 
 .rodata.str1.4
                0x000000000011258c       0x21 binaries/arp.o
 *fill*         0x00000000001125ad        0x3 
 .rodata.str1.4
                0x00000000001125b0       0xa6 binaries/dhcp.o
 .rodata.str1.1
                0x0000000000112656       0x4a binaries/dhcp.o
 .rodata.str1.1
                0x00000000001126a0       0x5a binaries/hexdump.o
                                         0x61 (size before relaxing)
 *fill*         0x00000000001126fa        0x2 
 .rodata.str1.4
                0x00000000001126fc       0x67 binaries/hexdump.o
 *fill*         0x0000000000112763        0x1 
 .rodata.str1.4
                0x0000000000112764       0x29 binaries/icmp.o
 .rodata.str1.1
                0x000000000011278d       0x4e binaries/ip.o
 *fill*         0x00000000001127db        0x1 
 .rodata.str1.4
                0x00000000001127dc       0x20 binaries/ip.o
 .rodata.str1.4
                0x00000000001127fc       0x28 binaries/net.o
 .rodata.str1.1
                0x0000000000112824       0x27 binaries/net.o
 *fill*         0x000000000011284b        0x1 
 .rodata.str1.4
                0x000000000011284c       0xcf binaries/netstart.o
 .rodata.str1.1
                0x000000000011291b      0x141 binaries/pdump.o
                                        0x14b (size before relaxing)
 .rodata.str1.4
                0x0000000000112a5c      0x126 binaries/pdump.o
 *fill*         0x0000000000112b82        0x2 
 .rodata.str1.4
                0x0000000000112b84      0x148 binaries/tftp.o
 .rodata.str1.1
                0x0000000000112ccc        0x6 binaries/tftp.o
                                          0xa (size before relaxing)
 .rodata.str1.1
                0x0000000000112cd2       0xd6 binaries/shell.o
                                         0xf2 (size before relaxing)
 .rodata.str1.4
                0x0000000000112da8      0x210 binaries/shell.o
 *fill*         0x0000000000112fb8        0x8 
 .rodata        0x0000000000112fc0      0x108 binaries/shell.o
                0x0000000000112fc0                cmdtab
 .rodata.str1.1
                0x00000000001130c8       0x26 binaries/xsh_argecho.o
                                         0x28 (size before relaxing)
 .rodata.str1.1
                0x00000000001130ee       0x70 binaries/xsh_arp.o
                                         0x72 (size before relaxing)
 *fill*         0x000000000011315e        0x2 
 .rodata.str1.4
                0x0000000000113160       0xb4 binaries/xsh_arp.o
 .rodata.str1.1
                0x0000000000113214       0x2d binaries/xsh_cat.o
                                         0x4f (size before relaxing)
 *fill*         0x0000000000113241        0x3 
 .rodata.str1.4
                0x0000000000113244       0x52 binaries/xsh_cat.o
                                         0x79 (size before relaxing)
 .rodata.str1.1
                0x0000000000113296       0x15 binaries/xsh_clear.o
 .rodata.str1.1
                0x00000000001132ab       0x46 binaries/xsh_date.o
                                         0x5f (size before relaxing)
 *fill*         0x00000000001132f1        0x3 
 .rodata.str1.4
                0x00000000001132f4      0x163 binaries/xsh_date.o
 .rodata.str1.1
                0x0000000000113457       0x5d binaries/xsh_devdump.o
 .rodata.str1.1
                0x00000000001134b4        0x4 binaries/xsh_echo.o
                                          0x9 (size before relaxing)
 .rodata.str1.1
                0x00000000001134b8       0x65 binaries/xsh_help.o
                                         0xa3 (size before relaxing)
 *fill*         0x000000000011351d        0x3 
 .rodata.str1.4
                0x0000000000113520       0x7c binaries/xsh_help.o
                                         0xc6 (size before relaxing)
 .rodata.str1.1
                0x000000000011359c       0x9c binaries/xsh_ipaddr.o
                                         0xf8 (size before relaxing)
 .rodata.str1.4
                0x0000000000113638       0x4d binaries/xsh_ipaddr.o
                                         0x99 (size before relaxing)
 .rodata.str1.1
                0x0000000000113685       0x78 binaries/xsh_kill.o
                                         0x97 (size before relaxing)
 *fill*         0x00000000001136fd        0x3 
 .rodata.str1.4
                0x0000000000113700       0x4a binaries/xsh_kill.o
                                         0x96 (size before relaxing)
 .rodata.str1.1
                0x000000000011374a       0x81 binaries/xsh_memdump.o
                                         0xa8 (size before relaxing)
 *fill*         0x00000000001137cb        0x1 
 .rodata.str1.4
                0x00000000001137cc      0x15a binaries/xsh_memdump.o
                                        0x1aa (size before relaxing)
 .rodata.str1.1
                0x0000000000113926       0x40 binaries/xsh_memstat.o
                                         0x79 (size before relaxing)
 *fill*         0x0000000000113966        0x2 
 .rodata.str1.4
                0x0000000000113968      0x187 binaries/xsh_memstat.o
                                        0x1af (size before relaxing)
 .rodata.str1.1
                0x0000000000113aef       0x90 binaries/xsh_ping.o
                                         0xaf (size before relaxing)
 *fill*         0x0000000000113b7f        0x1 
 .rodata.str1.4
                0x0000000000113b80       0x77 binaries/xsh_ping.o
                                         0xc6 (size before relaxing)
 .rodata.str1.1
                0x0000000000113bf7       0x74 binaries/xsh_ps.o
                                         0xd5 (size before relaxing)
 *fill*         0x0000000000113c6b        0x1 
 .rodata.str1.4
                0x0000000000113c6c       0x80 binaries/xsh_ps.o
                                         0xd0 (size before relaxing)
 *fill*         0x0000000000113cec       0x14 
 .rodata        0x0000000000113d00       0x20 binaries/xsh_ps.o
 .rodata.str1.1
                0x0000000000113d20       0x31 binaries/xsh_sleep.o
                                         0x72 (size before relaxing)
 *fill*         0x0000000000113d51        0x3 
 .rodata.str1.4
                0x0000000000113d54       0x2a binaries/xsh_sleep.o
                                         0x7a (size before relaxing)
 .rodata.str1.1
                0x0000000000113d7e       0x6b binaries/xsh_udpdump.o
                                         0xd2 (size before relaxing)
 *fill*         0x0000000000113de9        0x3 
 .rodata.str1.4
                0x0000000000113dec       0x94 binaries/xsh_udpdump.o
                                         0xe4 (size before relaxing)
 .rodata.str1.1
                0x0000000000113e80       0xdb binaries/xsh_udpecho.o
                                         0xfa (size before relaxing)
 *fill*         0x0000000000113f5b        0x1 
 .rodata.str1.4
                0x0000000000113f5c       0xc7 binaries/xsh_udpecho.o
                                        0x116 (size before relaxing)
 .rodata.str1.1
                0x0000000000114023       0x66 binaries/xsh_udpeserver.o
                                         0x8f (size before relaxing)
 *fill*         0x0000000000114089        0x3 
 .rodata.str1.4
                0x000000000011408c       0x29 binaries/xsh_udpeserver.o
                                         0x9f (size before relaxing)
 .rodata.str1.1
                0x00000000001140b5       0x49 binaries/xsh_uptime.o
                                         0x8c (size before relaxing)
 *fill*         0x00000000001140fe        0x2 
 .rodata.str1.4
                0x0000000000114100       0x28 binaries/xsh_uptime.o
                                         0x76 (size before relaxing)
 .rodata.str1.4
                0x0000000000114128      0x464 binaries/xsh_ship.o
                                        0x461 (size before relaxing)
                0x000000000011458c                etext = ABSOLUTE (.)
                0x0000000000115000                . = ALIGN (0x1000)
 *fill*         0x000000000011458c      0xa74 

.eh_frame       0x0000000000115000     0x30bc
 .eh_frame      0x0000000000115000       0x48 binaries/ascdate.o
 .eh_frame      0x0000000000115048       0x20 binaries/bufinit.o
                                         0x38 (size before relaxing)
 .eh_frame      0x0000000000115068       0x2c binaries/chprio.o
                                         0x44 (size before relaxing)
 .eh_frame      0x0000000000115094       0x20 binaries/clkhandler.o
                                         0x38 (size before relaxing)
 .eh_frame      0x00000000001150b4       0x20 binaries/clkinit.o
                                         0x38 (size before relaxing)
 .eh_frame      0x00000000001150d4       0x28 binaries/close.o
                                         0x40 (size before relaxing)
 .eh_frame      0x00000000001150fc       0x28 binaries/control.o
                                         0x40 (size before relaxing)
 .eh_frame      0x0000000000115124       0x30 binaries/create.o
                                         0x48 (size before relaxing)
 .eh_frame      0x0000000000115154       0x94 binaries/early_imr.o
                                         0xac (size before relaxing)
 .eh_frame      0x00000000001151e8       0x9c binaries/evec.o
                                         0xb4 (size before relaxing)
 .eh_frame      0x0000000000115284       0x28 binaries/freebuf.o
                                         0x40 (size before relaxing)
 .eh_frame      0x00000000001152ac       0x2c binaries/freemem.o
                                         0x44 (size before relaxing)
 .eh_frame      0x00000000001152d8       0x2c binaries/getbuf.o
                                         0x44 (size before relaxing)
 .eh_frame      0x0000000000115304       0x28 binaries/getc.o
                                         0x40 (size before relaxing)
 .eh_frame      0x000000000011532c       0x2c binaries/getdev.o
                                         0x44 (size before relaxing)
 .eh_frame      0x0000000000115358       0x64 binaries/getitem.o
                                         0x7c (size before relaxing)
 .eh_frame      0x00000000001153bc       0x28 binaries/getmem.o
                                         0x40 (size before relaxing)
 .eh_frame      0x00000000001153e4       0x20 binaries/getpid.o
                                         0x38 (size before relaxing)
 .eh_frame      0x0000000000115404       0x24 binaries/getprio.o
                                         0x3c (size before relaxing)
 .eh_frame      0x0000000000115428       0x2c binaries/getstk.o
                                         0x44 (size before relaxing)
 .eh_frame      0x0000000000115454       0x20 binaries/gettime.o
                                         0x38 (size before relaxing)
 .eh_frame      0x0000000000115474       0x28 binaries/getutime.o
                                         0x40 (size before relaxing)
 .eh_frame      0x000000000011549c       0x28 binaries/init.o
                                         0x40 (size before relaxing)
 .eh_frame      0x00000000001154c4       0x5c binaries/initialize.o
                                         0x74 (size before relaxing)
 .eh_frame      0x0000000000115520       0x28 binaries/insert.o
                                         0x40 (size before relaxing)
 .eh_frame      0x0000000000115548       0x2c binaries/insertd.o
                                         0x44 (size before relaxing)
 .eh_frame      0x0000000000115574       0x20 binaries/ioerr.o
                                         0x38 (size before relaxing)
 .eh_frame      0x0000000000115594       0x20 binaries/ionull.o
                                         0x38 (size before relaxing)
 .eh_frame      0x00000000001155b4       0x30 binaries/kill.o
                                         0x48 (size before relaxing)
 .eh_frame      0x00000000001155e4       0x80 binaries/kprintf.o
                                         0x98 (size before relaxing)
 .eh_frame      0x0000000000115664       0x20 binaries/main.o
                                         0x38 (size before relaxing)
 .eh_frame      0x0000000000115684       0x44 binaries/mark.o
                                         0x5c (size before relaxing)
 .eh_frame      0x00000000001156c8       0x50 binaries/meminit.o
                                         0x68 (size before relaxing)
 .eh_frame      0x0000000000115718       0x30 binaries/mkbufpool.o
                                         0x48 (size before relaxing)
 .eh_frame      0x0000000000115748       0x20 binaries/newqueue.o
                                         0x38 (size before relaxing)
 .eh_frame      0x0000000000115768       0x28 binaries/open.o
                                         0x40 (size before relaxing)
 .eh_frame      0x0000000000115790       0x1c binaries/panic.o
                                         0x34 (size before relaxing)
 .eh_frame      0x00000000001157ac      0x12c binaries/pci.o
                                        0x144 (size before relaxing)
 .eh_frame      0x00000000001158d8       0x20 binaries/platinit.o
                                         0x38 (size before relaxing)
 .eh_frame      0x00000000001158f8       0x2c binaries/ptclear.o
                                         0x44 (size before relaxing)
 .eh_frame      0x0000000000115924       0x2c binaries/ptcount.o
                                         0x44 (size before relaxing)
 .eh_frame      0x0000000000115950       0x2c binaries/ptcreate.o
                                         0x44 (size before relaxing)
 .eh_frame      0x000000000011597c       0x28 binaries/ptdelete.o
                                         0x40 (size before relaxing)
 .eh_frame      0x00000000001159a4       0x28 binaries/ptinit.o
                                         0x40 (size before relaxing)
 .eh_frame      0x00000000001159cc       0x2c binaries/ptrecv.o
                                         0x44 (size before relaxing)
 .eh_frame      0x00000000001159f8       0x28 binaries/ptreset.o
                                         0x40 (size before relaxing)
 .eh_frame      0x0000000000115a20       0x2c binaries/ptsend.o
                                         0x44 (size before relaxing)
 .eh_frame      0x0000000000115a4c       0x2c binaries/putc.o
                                         0x44 (size before relaxing)
 .eh_frame      0x0000000000115a78       0x24 binaries/quark_irq.o
                                         0x3c (size before relaxing)
 .eh_frame      0x0000000000115a9c       0x54 binaries/quark_pdat.o
                                         0x6c (size before relaxing)
 .eh_frame      0x0000000000115af0       0x44 binaries/queue.o
                                         0x5c (size before relaxing)
 .eh_frame      0x0000000000115b34       0x28 binaries/read.o
                                         0x40 (size before relaxing)
 .eh_frame      0x0000000000115b5c       0x20 binaries/ready.o
                                         0x38 (size before relaxing)
 .eh_frame      0x0000000000115b7c       0x2c binaries/receive.o
                                         0x44 (size before relaxing)
 .eh_frame      0x0000000000115ba8       0x24 binaries/recvclr.o
                                         0x3c (size before relaxing)
 .eh_frame      0x0000000000115bcc       0x2c binaries/recvtime.o
                                         0x44 (size before relaxing)
 .eh_frame      0x0000000000115bf8       0x4c binaries/resched.o
                                         0x64 (size before relaxing)
 .eh_frame      0x0000000000115c44       0x2c binaries/resume.o
                                         0x44 (size before relaxing)
 .eh_frame      0x0000000000115c70       0x28 binaries/seek.o
                                         0x40 (size before relaxing)
 .eh_frame      0x0000000000115c98       0x24 binaries/semcount.o
                                         0x3c (size before relaxing)
 .eh_frame      0x0000000000115cbc       0x2c binaries/semcreate.o
                                         0x44 (size before relaxing)
 .eh_frame      0x0000000000115ce8       0x28 binaries/semdelete.o
                                         0x40 (size before relaxing)
 .eh_frame      0x0000000000115d10       0x2c binaries/semreset.o
                                         0x44 (size before relaxing)
 .eh_frame      0x0000000000115d3c       0x28 binaries/send.o
                                         0x40 (size before relaxing)
 .eh_frame      0x0000000000115d64       0x28 binaries/signal.o
                                         0x40 (size before relaxing)
 .eh_frame      0x0000000000115d8c       0x2c binaries/signaln.o
                                         0x44 (size before relaxing)
 .eh_frame      0x0000000000115db8       0x48 binaries/sleep.o
                                         0x60 (size before relaxing)
 .eh_frame      0x0000000000115e00       0x30 binaries/stacktrace.o
                                         0x48 (size before relaxing)
 .eh_frame      0x0000000000115e30       0x2c binaries/suspend.o
                                         0x44 (size before relaxing)
 .eh_frame      0x0000000000115e5c       0x28 binaries/unsleep.o
                                         0x40 (size before relaxing)
 .eh_frame      0x0000000000115e84       0x20 binaries/userret.o
                                         0x38 (size before relaxing)
 .eh_frame      0x0000000000115ea4       0x2c binaries/wait.o
                                         0x44 (size before relaxing)
 .eh_frame      0x0000000000115ed0       0x20 binaries/wakeup.o
                                         0x38 (size before relaxing)
 .eh_frame      0x0000000000115ef0       0x28 binaries/write.o
                                         0x40 (size before relaxing)
 .eh_frame      0x0000000000115f18       0x20 binaries/xdone.o
                                         0x38 (size before relaxing)
 .eh_frame      0x0000000000115f38       0x24 binaries/yield.o
                                         0x3c (size before relaxing)
 .eh_frame      0x0000000000115f5c       0x20 binaries/lab0app1.o
                                         0x38 (size before relaxing)
 .eh_frame      0x0000000000115f7c       0x20 binaries/lab0app2.o
                                         0x38 (size before relaxing)
 .eh_frame      0x0000000000115f9c       0x20 binaries/printsegaddress.o
                                         0x38 (size before relaxing)
 .eh_frame      0x0000000000115fbc       0x2c binaries/stackdepth.o
                                         0x44 (size before relaxing)
 .eh_frame      0x0000000000115fe8       0x28 binaries/printloop.o
                                         0x40 (size before relaxing)
 .eh_frame      0x0000000000116010       0x20 binaries/printnoloop.o
                                         0x38 (size before relaxing)
 .eh_frame      0x0000000000116030       0x60 binaries/myvictim.o
                                         0x78 (size before relaxing)
 .eh_frame      0x0000000000116090       0x40 binaries/myattacker.o
                                         0x58 (size before relaxing)
 .eh_frame      0x00000000001160d0       0x20 binaries/abs.o
                                         0x38 (size before relaxing)
 .eh_frame      0x00000000001160f0       0x28 binaries/atoi.o
                                         0x40 (size before relaxing)
 .eh_frame      0x0000000000116118       0x28 binaries/atol.o
                                         0x40 (size before relaxing)
 .eh_frame      0x0000000000116140       0x20 binaries/bzero.o
                                         0x38 (size before relaxing)
 .eh_frame      0x0000000000116160       0xac binaries/doprnt.o
                                         0xc4 (size before relaxing)
 .eh_frame      0x000000000011620c       0x30 binaries/doscan.o
                                         0x48 (size before relaxing)
 .eh_frame      0x000000000011623c       0x5c binaries/fdoprnt.o
                                         0x74 (size before relaxing)
 .eh_frame      0x0000000000116298       0x20 binaries/fgetc.o
                                         0x38 (size before relaxing)
 .eh_frame      0x00000000001162b8       0x2c binaries/fgets.o
                                         0x44 (size before relaxing)
 .eh_frame      0x00000000001162e4       0x20 binaries/fprintf.o
                                         0x38 (size before relaxing)
 .eh_frame      0x0000000000116304       0x20 binaries/fputc.o
                                         0x38 (size before relaxing)
 .eh_frame      0x0000000000116324       0x28 binaries/fputs.o
                                         0x40 (size before relaxing)
 .eh_frame      0x000000000011634c       0x64 binaries/fscanf.o
                                         0x7c (size before relaxing)
 .eh_frame      0x00000000001163b0       0x20 binaries/getchar.o
                                         0x38 (size before relaxing)
 .eh_frame      0x00000000001163d0       0x20 binaries/labs.o
                                         0x38 (size before relaxing)
 .eh_frame      0x00000000001163f0       0x20 binaries/memchr.o
                                         0x38 (size before relaxing)
 .eh_frame      0x0000000000116410       0x28 binaries/memcmp.o
                                         0x40 (size before relaxing)
 .eh_frame      0x0000000000116438       0x28 binaries/memcpy.o
                                         0x40 (size before relaxing)
 .eh_frame      0x0000000000116460       0x24 binaries/memset.o
                                         0x3c (size before relaxing)
 .eh_frame      0x0000000000116484       0x20 binaries/printf.o
                                         0x38 (size before relaxing)
 .eh_frame      0x00000000001164a4       0x20 binaries/putchar.o
                                         0x38 (size before relaxing)
 .eh_frame      0x00000000001164c4       0xa4 binaries/qsort.o
                                         0xbc (size before relaxing)
 .eh_frame      0x0000000000116568       0x40 binaries/rand.o
                                         0x58 (size before relaxing)
 .eh_frame      0x00000000001165a8       0x48 binaries/sprintf.o
                                         0x60 (size before relaxing)
 .eh_frame      0x00000000001165f0       0x60 binaries/sscanf.o
                                         0x78 (size before relaxing)
 .eh_frame      0x0000000000116650       0x24 binaries/strchr.o
                                         0x3c (size before relaxing)
 .eh_frame      0x0000000000116674       0x24 binaries/strcmp.o
                                         0x3c (size before relaxing)
 .eh_frame      0x0000000000116698       0x20 binaries/strcpy.o
                                         0x38 (size before relaxing)
 .eh_frame      0x00000000001166b8       0x20 binaries/strlen.o
                                         0x38 (size before relaxing)
 .eh_frame      0x00000000001166d8       0x2c binaries/strncat.o
                                         0x44 (size before relaxing)
 .eh_frame      0x0000000000116704       0x24 binaries/strncmp.o
                                         0x3c (size before relaxing)
 .eh_frame      0x0000000000116728       0x2c binaries/strncpy.o
                                         0x44 (size before relaxing)
 .eh_frame      0x0000000000116754       0x20 binaries/strnlen.o
                                         0x38 (size before relaxing)
 .eh_frame      0x0000000000116774       0x24 binaries/strrchr.o
                                         0x3c (size before relaxing)
 .eh_frame      0x0000000000116798       0x2c binaries/strstr.o
                                         0x44 (size before relaxing)
 .eh_frame      0x00000000001167c4       0x28 binaries/ttycontrol.o
                                         0x40 (size before relaxing)
 .eh_frame      0x00000000001167ec       0x28 binaries/ttygetc.o
                                         0x40 (size before relaxing)
 .eh_frame      0x0000000000116814       0x84 binaries/ttyhandle_in.o
                                         0x9c (size before relaxing)
 .eh_frame      0x0000000000116898       0x30 binaries/ttyhandle_out.o
                                         0x48 (size before relaxing)
 .eh_frame      0x00000000001168c8       0x28 binaries/ttyhandler.o
                                         0x40 (size before relaxing)
 .eh_frame      0x00000000001168f0       0x2c binaries/ttyinit.o
                                         0x44 (size before relaxing)
 .eh_frame      0x000000000011691c       0x20 binaries/ttykickout.o
                                         0x38 (size before relaxing)
 .eh_frame      0x000000000011693c       0x2c binaries/ttyputc.o
                                         0x44 (size before relaxing)
 .eh_frame      0x0000000000116968       0x2c binaries/ttyread.o
                                         0x44 (size before relaxing)
 .eh_frame      0x0000000000116994       0x2c binaries/ttywrite.o
                                         0x44 (size before relaxing)
 .eh_frame      0x00000000001169c0       0x4c binaries/mount.o
                                         0x64 (size before relaxing)
 .eh_frame      0x0000000000116a0c       0x30 binaries/naminit.o
                                         0x48 (size before relaxing)
 .eh_frame      0x0000000000116a3c       0x84 binaries/nammap.o
                                         0x9c (size before relaxing)
 .eh_frame      0x0000000000116ac0       0x20 binaries/namopen.o
                                         0x38 (size before relaxing)
 .eh_frame      0x0000000000116ae0       0x2c binaries/colon2mac.o
                                         0x44 (size before relaxing)
 .eh_frame      0x0000000000116b0c       0x20 binaries/ethcontrol.o
                                         0x38 (size before relaxing)
 .eh_frame      0x0000000000116b2c       0x2c binaries/ethhandler.o
                                         0x44 (size before relaxing)
 .eh_frame      0x0000000000116b58       0x98 binaries/ethinit.o
                                         0xb0 (size before relaxing)
 .eh_frame      0x0000000000116bf0       0x54 binaries/ethmcast.o
                                         0x6c (size before relaxing)
 .eh_frame      0x0000000000116c44       0x30 binaries/ethread.o
                                         0x48 (size before relaxing)
 .eh_frame      0x0000000000116c74       0x2c binaries/ethwrite.o
                                         0x44 (size before relaxing)
 .eh_frame      0x0000000000116ca0       0x24 binaries/rdsbufalloc.o
                                         0x3c (size before relaxing)
 .eh_frame      0x0000000000116cc4       0x2c binaries/rdsclose.o
                                         0x44 (size before relaxing)
 .eh_frame      0x0000000000116cf0       0x30 binaries/rdscomm.o
                                         0x48 (size before relaxing)
 .eh_frame      0x0000000000116d20       0x2c binaries/rdscontrol.o
                                         0x44 (size before relaxing)
 .eh_frame      0x0000000000116d4c       0x30 binaries/rdsinit.o
                                         0x48 (size before relaxing)
 .eh_frame      0x0000000000116d7c       0x30 binaries/rdsopen.o
                                         0x48 (size before relaxing)
 .eh_frame      0x0000000000116dac       0x20 binaries/rdsprocess.o
                                         0x38 (size before relaxing)
 .eh_frame      0x0000000000116dcc       0x30 binaries/rdsread.o
                                         0x48 (size before relaxing)
 .eh_frame      0x0000000000116dfc       0x30 binaries/rdswrite.o
                                         0x48 (size before relaxing)
 .eh_frame      0x0000000000116e2c       0x20 binaries/ramclose.o
                                         0x38 (size before relaxing)
 .eh_frame      0x0000000000116e4c       0x20 binaries/raminit.o
                                         0x38 (size before relaxing)
 .eh_frame      0x0000000000116e6c       0x20 binaries/ramopen.o
                                         0x38 (size before relaxing)
 .eh_frame      0x0000000000116e8c       0x20 binaries/ramread.o
                                         0x38 (size before relaxing)
 .eh_frame      0x0000000000116eac       0x20 binaries/ramwrite.o
                                         0x38 (size before relaxing)
 .eh_frame      0x0000000000116ecc       0x28 binaries/lfdballoc.o
                                         0x40 (size before relaxing)
 .eh_frame      0x0000000000116ef4       0x24 binaries/lfdbfree.o
                                         0x3c (size before relaxing)
 .eh_frame      0x0000000000116f18       0x24 binaries/lfflush.o
                                         0x3c (size before relaxing)
 .eh_frame      0x0000000000116f3c       0x20 binaries/lfgetmode.o
                                         0x38 (size before relaxing)
 .eh_frame      0x0000000000116f5c       0x24 binaries/lfiballoc.o
                                         0x3c (size before relaxing)
 .eh_frame      0x0000000000116f80       0x20 binaries/lfibclear.o
                                         0x38 (size before relaxing)
 .eh_frame      0x0000000000116fa0       0x2c binaries/lfibget.o
                                         0x44 (size before relaxing)
 .eh_frame      0x0000000000116fcc       0x2c binaries/lfibput.o
                                         0x44 (size before relaxing)
 .eh_frame      0x0000000000116ff8       0x28 binaries/lflclose.o
                                         0x40 (size before relaxing)
 .eh_frame      0x0000000000117020       0x28 binaries/lflcontrol.o
                                         0x40 (size before relaxing)
 .eh_frame      0x0000000000117048       0x28 binaries/lflgetc.o
                                         0x40 (size before relaxing)
 .eh_frame      0x0000000000117070       0x24 binaries/lflinit.o
                                         0x3c (size before relaxing)
 .eh_frame      0x0000000000117094       0x2c binaries/lflputc.o
                                         0x44 (size before relaxing)
 .eh_frame      0x00000000001170c0       0x2c binaries/lflread.o
                                         0x44 (size before relaxing)
 .eh_frame      0x00000000001170ec       0x2c binaries/lflseek.o
                                         0x44 (size before relaxing)
 .eh_frame      0x0000000000117118       0x2c binaries/lflwrite.o
                                         0x44 (size before relaxing)
 .eh_frame      0x0000000000117144       0x30 binaries/lfsckfmt.o
                                         0x48 (size before relaxing)
 .eh_frame      0x0000000000117174       0x30 binaries/lfscreate.o
                                         0x48 (size before relaxing)
 .eh_frame      0x00000000001171a4       0x30 binaries/lfsetup.o
                                         0x48 (size before relaxing)
 .eh_frame      0x00000000001171d4       0x20 binaries/lfsinit.o
                                         0x38 (size before relaxing)
 .eh_frame      0x00000000001171f4       0x30 binaries/lfsopen.o
                                         0x48 (size before relaxing)
 .eh_frame      0x0000000000117224       0x30 binaries/lftruncate.o
                                         0x48 (size before relaxing)
 .eh_frame      0x0000000000117254       0x20 binaries/rflclose.o
                                         0x38 (size before relaxing)
 .eh_frame      0x0000000000117274       0x20 binaries/rflgetc.o
                                         0x38 (size before relaxing)
 .eh_frame      0x0000000000117294       0x20 binaries/rflinit.o
                                         0x38 (size before relaxing)
 .eh_frame      0x00000000001172b4       0x20 binaries/rflputc.o
                                         0x38 (size before relaxing)
 .eh_frame      0x00000000001172d4       0x30 binaries/rflread.o
                                         0x48 (size before relaxing)
 .eh_frame      0x0000000000117304       0x20 binaries/rflseek.o
                                         0x38 (size before relaxing)
 .eh_frame      0x0000000000117324       0x30 binaries/rflwrite.o
                                         0x48 (size before relaxing)
 .eh_frame      0x0000000000117354       0x30 binaries/rfscomm.o
                                         0x48 (size before relaxing)
 .eh_frame      0x0000000000117384       0x2c binaries/rfscontrol.o
[...]
 .comment       0x0000000000000000       0x2b binaries/xsh_arp.o
 .comment       0x0000000000000000       0x2b binaries/xsh_cat.o
 .comment       0x0000000000000000       0x2b binaries/xsh_clear.o
 .comment       0x0000000000000000       0x2b binaries/xsh_date.o
 .comment       0x0000000000000000       0x2b binaries/xsh_devdump.o
 .comment       0x0000000000000000       0x2b binaries/xsh_echo.o
 .comment       0x0000000000000000       0x2b binaries/xsh_exit.o
 .comment       0x0000000000000000       0x2b binaries/xsh_help.o
 .comment       0x0000000000000000       0x2b binaries/xsh_ipaddr.o
 .comment       0x0000000000000000       0x2b binaries/xsh_kill.o
 .comment       0x0000000000000000       0x2b binaries/xsh_memdump.o
 .comment       0x0000000000000000       0x2b binaries/xsh_memstat.o
 .comment       0x0000000000000000       0x2b binaries/xsh_ping.o
 .comment       0x0000000000000000       0x2b binaries/xsh_ps.o
 .comment       0x0000000000000000       0x2b binaries/xsh_sleep.o
 .comment       0x0000000000000000       0x2b binaries/xsh_udpdump.o
 .comment       0x0000000000000000       0x2b binaries/xsh_udpecho.o
 .comment       0x0000000000000000       0x2b binaries/xsh_udpeserver.o
 .comment       0x0000000000000000       0x2b binaries/xsh_uptime.o
 .comment       0x0000000000000000       0x2b binaries/xsh_ship.o

.note.GNU-stack
                0x0000000000000000        0x0
 .note.GNU-stack
                0x0000000000000000        0x0 binaries/ascdate.o
 .note.GNU-stack
                0x0000000000000000        0x0 binaries/bufinit.o
 .note.GNU-stack
                0x0000000000000000        0x0 binaries/chprio.o
 .note.GNU-stack
                0x0000000000000000        0x0 binaries/clkhandler.o
 .note.GNU-stack
                0x0000000000000000        0x0 binaries/clkinit.o
 .note.GNU-stack
                0x0000000000000000        0x0 binaries/close.o
 .note.GNU-stack
                0x0000000000000000        0x0 binaries/conf.o
 .note.GNU-stack
                0x0000000000000000        0x0 binaries/control.o
 .note.GNU-stack
                0x0000000000000000        0x0 binaries/create.o
 .note.GNU-stack
                0x0000000000000000        0x0 binaries/early_imr.o
 .note.GNU-stack
                0x0000000000000000        0x0 binaries/evec.o
 .note.GNU-stack
                0x0000000000000000        0x0 binaries/freebuf.o
 .note.GNU-stack
                0x0000000000000000        0x0 binaries/freemem.o
 .note.GNU-stack
                0x0000000000000000        0x0 binaries/getbuf.o
 .note.GNU-stack
                0x0000000000000000        0x0 binaries/getc.o
 .note.GNU-stack
                0x0000000000000000        0x0 binaries/getdev.o
 .note.GNU-stack
                0x0000000000000000        0x0 binaries/getitem.o
 .note.GNU-stack
                0x0000000000000000        0x0 binaries/getmem.o
 .note.GNU-stack
                0x0000000000000000        0x0 binaries/getpid.o
 .note.GNU-stack
                0x0000000000000000        0x0 binaries/getprio.o
 .note.GNU-stack
                0x0000000000000000        0x0 binaries/getstk.o
 .note.GNU-stack
                0x0000000000000000        0x0 binaries/gettime.o
 .note.GNU-stack
                0x0000000000000000        0x0 binaries/getutime.o
 .note.GNU-stack
                0x0000000000000000        0x0 binaries/init.o
 .note.GNU-stack
                0x0000000000000000        0x0 binaries/initialize.o
 .note.GNU-stack
                0x0000000000000000        0x0 binaries/insert.o
 .note.GNU-stack
                0x0000000000000000        0x0 binaries/insertd.o
 .note.GNU-stack
                0x0000000000000000        0x0 binaries/ioerr.o
 .note.GNU-stack
                0x0000000000000000        0x0 binaries/ionull.o
 .note.GNU-stack
                0x0000000000000000        0x0 binaries/kill.o
 .note.GNU-stack
                0x0000000000000000        0x0 binaries/kprintf.o
 .note.GNU-stack
                0x0000000000000000        0x0 binaries/main.o
 .note.GNU-stack
                0x0000000000000000        0x0 binaries/mark.o
 .note.GNU-stack
                0x0000000000000000        0x0 binaries/meminit.o
 .note.GNU-stack
                0x0000000000000000        0x0 binaries/mkbufpool.o
 .note.GNU-stack
                0x0000000000000000        0x0 binaries/newqueue.o
 .note.GNU-stack
                0x0000000000000000        0x0 binaries/open.o
 .note.GNU-stack
                0x0000000000000000        0x0 binaries/panic.o
 .note.GNU-stack
                0x0000000000000000        0x0 binaries/pci.o
 .note.GNU-stack
                0x0000000000000000        0x0 binaries/platinit.o
 .note.GNU-stack
                0x0000000000000000        0x0 binaries/ptclear.o
 .note.GNU-stack
                0x0000000000000000        0x0 binaries/ptcount.o
 .note.GNU-stack
                0x0000000000000000        0x0 binaries/ptcreate.o
 .note.GNU-stack
                0x0000000000000000        0x0 binaries/ptdelete.o
 .note.GNU-stack
                0x0000000000000000        0x0 binaries/ptinit.o
 .note.GNU-stack
                0x0000000000000000        0x0 binaries/ptrecv.o
 .note.GNU-stack
                0x0000000000000000        0x0 binaries/ptreset.o
 .note.GNU-stack
                0x0000000000000000        0x0 binaries/ptsend.o
 .note.GNU-stack
                0x0000000000000000        0x0 binaries/putc.o
 .note.GNU-stack
                0x0000000000000000        0x0 binaries/quark_irq.o
 .note.GNU-stack
                0x0000000000000000        0x0 binaries/quark_pdat.o
 .note.GNU-stack
                0x0000000000000000        0x0 binaries/queue.o
 .note.GNU-stack
                0x0000000000000000        0x0 binaries/read.o
 .note.GNU-stack
                0x0000000000000000        0x0 binaries/ready.o
 .note.GNU-stack
                0x0000000000000000        0x0 binaries/receive.o
 .note.GNU-stack
                0x0000000000000000        0x0 binaries/recvclr.o
 .note.GNU-stack
                0x0000000000000000        0x0 binaries/recvtime.o
 .note.GNU-stack
                0x0000000000000000        0x0 binaries/resched.o
 .note.GNU-stack
                0x0000000000000000        0x0 binaries/resume.o
 .note.GNU-stack
                0x0000000000000000        0x0 binaries/seek.o
 .note.GNU-stack
                0x0000000000000000        0x0 binaries/semcount.o
 .note.GNU-stack
                0x0000000000000000        0x0 binaries/semcreate.o
 .note.GNU-stack
                0x0000000000000000        0x0 binaries/semdelete.o
 .note.GNU-stack
                0x0000000000000000        0x0 binaries/semreset.o
 .note.GNU-stack
                0x0000000000000000        0x0 binaries/send.o
 .note.GNU-stack
                0x0000000000000000        0x0 binaries/signal.o
 .note.GNU-stack
                0x0000000000000000        0x0 binaries/signaln.o
 .note.GNU-stack
                0x0000000000000000        0x0 binaries/sleep.o
 .note.GNU-stack
                0x0000000000000000        0x0 binaries/stacktrace.o
 .note.GNU-stack
                0x0000000000000000        0x0 binaries/suspend.o
 .note.GNU-stack
                0x0000000000000000        0x0 binaries/unsleep.o
 .note.GNU-stack
                0x0000000000000000        0x0 binaries/userret.o
 .note.GNU-stack
                0x0000000000000000        0x0 binaries/wait.o
 .note.GNU-stack
                0x0000000000000000        0x0 binaries/wakeup.o
 .note.GNU-stack
                0x0000000000000000        0x0 binaries/write.o
 .note.GNU-stack
                0x0000000000000000        0x0 binaries/xdone.o
 .note.GNU-stack
                0x0000000000000000        0x0 binaries/yield.o
 .note.GNU-stack
                0x0000000000000000        0x0 binaries/lab0app1.o
 .note.GNU-stack
                0x0000000000000000        0x0 binaries/lab0app2.o
 .note.GNU-stack
                0x0000000000000000        0x0 binaries/printsegaddress.o
 .note.GNU-stack
                0x0000000000000000        0x0 binaries/stackdepth.o
 .note.GNU-stack
                0x0000000000000000        0x0 binaries/printloop.o
 .note.GNU-stack
                0x0000000000000000        0x0 binaries/printnoloop.o
 .note.GNU-stack
                0x0000000000000000        0x0 binaries/myvictim.o
 .note.GNU-stack
                0x0000000000000000        0x0 binaries/myattacker.o
 .note.GNU-stack
                0x0000000000000000        0x0 binaries/abs.o
 .note.GNU-stack
                0x0000000000000000        0x0 binaries/atoi.o
 .note.GNU-stack
                0x0000000000000000        0x0 binaries/atol.o
 .note.GNU-stack
                0x0000000000000000        0x0 binaries/bzero.o
 .note.GNU-stack
                0x0000000000000000        0x0 binaries/ctype_.o
 .note.GNU-stack
                0x0000000000000000        0x0 binaries/doprnt.o
 .note.GNU-stack
                0x0000000000000000        0x0 binaries/doscan.o
 .note.GNU-stack
                0x0000000000000000        0x0 binaries/fdoprnt.o
 .note.GNU-stack
                0x0000000000000000        0x0 binaries/fgetc.o
 .note.GNU-stack
                0x0000000000000000        0x0 binaries/fgets.o
 .note.GNU-stack
                0x0000000000000000        0x0 binaries/fprintf.o
 .note.GNU-stack
                0x0000000000000000        0x0 binaries/fputc.o
 .note.GNU-stack
                0x0000000000000000        0x0 binaries/fputs.o
 .note.GNU-stack
                0x0000000000000000        0x0 binaries/fscanf.o
 .note.GNU-stack
                0x0000000000000000        0x0 binaries/getchar.o
 .note.GNU-stack
                0x0000000000000000        0x0 binaries/labs.o
 .note.GNU-stack
                0x0000000000000000        0x0 binaries/memchr.o
 .note.GNU-stack
                0x0000000000000000        0x0 binaries/memcmp.o
 .note.GNU-stack
                0x0000000000000000        0x0 binaries/memcpy.o
 .note.GNU-stack
                0x0000000000000000        0x0 binaries/memset.o
 .note.GNU-stack
                0x0000000000000000        0x0 binaries/printf.o
 .note.GNU-stack
                0x0000000000000000        0x0 binaries/putchar.o
 .note.GNU-stack
                0x0000000000000000        0x0 binaries/qsort.o
 .note.GNU-stack
                0x0000000000000000        0x0 binaries/rand.o
 .note.GNU-stack
                0x0000000000000000        0x0 binaries/sprintf.o
 .note.GNU-stack
                0x0000000000000000        0x0 binaries/sscanf.o
 .note.GNU-stack
                0x0000000000000000        0x0 binaries/strchr.o
 .note.GNU-stack
                0x0000000000000000        0x0 binaries/strcmp.o
 .note.GNU-stack
                0x0000000000000000        0x0 binaries/strcpy.o
 .note.GNU-stack
                0x0000000000000000        0x0 binaries/strlen.o
 .note.GNU-stack
                0x0000000000000000        0x0 binaries/strncat.o
 .note.GNU-stack
                0x0000000000000000        0x0 binaries/strncmp.o
 .note.GNU-stack
                0x0000000000000000        0x0 binaries/strncpy.o
 .note.GNU-stack
                0x0000000000000000        0x0 binaries/strnlen.o
 .note.GNU-stack
                0x0000000000000000        0x0 binaries/strrchr.o
 .note.GNU-stack
                0x0000000000000000        0x0 binaries/strstr.o
 .note.GNU-stack
                0x0000000000000000        0x0 binaries/ttycontrol.o
 .note.GNU-stack
                0x0000000000000000        0x0 binaries/ttygetc.o
 .note.GNU-stack
                0x0000000000000000        0x0 binaries/ttyhandle_in.o
 .note.GNU-stack
                0x0000000000000000        0x0 binaries/ttyhandle_out.o
 .note.GNU-stack
                0x0000000000000000        0x0 binaries/ttyhandler.o
 .note.GNU-stack
                0x0000000000000000        0x0 binaries/ttyinit.o
 .note.GNU-stack
                0x0000000000000000        0x0 binaries/ttykickout.o
 .note.GNU-stack
                0x0000000000000000        0x0 binaries/ttyputc.o
 .note.GNU-stack
                0x0000000000000000        0x0 binaries/ttyread.o
 .note.GNU-stack
                0x0000000000000000        0x0 binaries/ttywrite.o
 .note.GNU-stack
                0x0000000000000000        0x0 binaries/mount.o
 .note.GNU-stack
                0x0000000000000000        0x0 binaries/naminit.o
 .note.GNU-stack
                0x0000000000000000        0x0 binaries/nammap.o
 .note.GNU-stack
                0x0000000000000000        0x0 binaries/namopen.o
 .note.GNU-stack
                0x0000000000000000        0x0 binaries/colon2mac.o
 .note.GNU-stack
                0x0000000000000000        0x0 binaries/ethcontrol.o
 .note.GNU-stack
                0x0000000000000000        0x0 binaries/ethhandler.o
 .note.GNU-stack
                0x0000000000000000        0x0 binaries/ethinit.o
 .note.GNU-stack
                0x0000000000000000        0x0 binaries/ethmcast.o
 .note.GNU-stack
                0x0000000000000000        0x0 binaries/ethread.o
 .note.GNU-stack
                0x0000000000000000        0x0 binaries/ethwrite.o
 .note.GNU-stack
                0x0000000000000000        0x0 binaries/rdsbufalloc.o
 .note.GNU-stack
                0x0000000000000000        0x0 binaries/rdsclose.o
 .note.GNU-stack
                0x0000000000000000        0x0 binaries/rdscomm.o
 .note.GNU-stack
                0x0000000000000000        0x0 binaries/rdscontrol.o
 .note.GNU-stack
                0x0000000000000000        0x0 binaries/rdsinit.o
 .note.GNU-stack
                0x0000000000000000        0x0 binaries/rdsopen.o
 .note.GNU-stack
                0x0000000000000000        0x0 binaries/rdsprocess.o
 .note.GNU-stack
                0x0000000000000000        0x0 binaries/rdsread.o
 .note.GNU-stack
                0x0000000000000000        0x0 binaries/rdswrite.o
 .note.GNU-stack
                0x0000000000000000        0x0 binaries/ramclose.o
 .note.GNU-stack
                0x0000000000000000        0x0 binaries/raminit.o
 .note.GNU-stack
                0x0000000000000000        0x0 binaries/ramopen.o
 .note.GNU-stack
                0x0000000000000000        0x0 binaries/ramread.o
 .note.GNU-stack
                0x0000000000000000        0x0 binaries/ramwrite.o
 .note.GNU-stack
                0x0000000000000000        0x0 binaries/lfdballoc.o
 .note.GNU-stack
                0x0000000000000000        0x0 binaries/lfdbfree.o
 .note.GNU-stack
                0x0000000000000000        0x0 binaries/lfflush.o
 .note.GNU-stack
                0x0000000000000000        0x0 binaries/lfgetmode.o
 .note.GNU-stack
                0x0000000000000000        0x0 binaries/lfiballoc.o
 .note.GNU-stack
                0x0000000000000000        0x0 binaries/lfibclear.o
 .note.GNU-stack
                0x0000000000000000        0x0 binaries/lfibget.o
 .note.GNU-stack
                0x0000000000000000        0x0 binaries/lfibput.o
 .note.GNU-stack
                0x0000000000000000        0x0 binaries/lflclose.o
 .note.GNU-stack
                0x0000000000000000        0x0 binaries/lflcontrol.o
 .note.GNU-stack
                0x0000000000000000        0x0 binaries/lflgetc.o
 .note.GNU-stack
                0x0000000000000000        0x0 binaries/lflinit.o
 .note.GNU-stack
                0x0000000000000000        0x0 binaries/lflputc.o
 .note.GNU-stack
                0x0000000000000000        0x0 binaries/lflread.o
 .note.GNU-stack
                0x0000000000000000        0x0 binaries/lflseek.o
 .note.GNU-stack
                0x0000000000000000        0x0 binaries/lflwrite.o
 .note.GNU-stack
                0x0000000000000000        0x0 binaries/lfsckfmt.o
 .note.GNU-stack
                0x0000000000000000        0x0 binaries/lfscreate.o
 .note.GNU-stack
                0x0000000000000000        0x0 binaries/lfsetup.o
 .note.GNU-stack
                0x0000000000000000        0x0 binaries/lfsinit.o
 .note.GNU-stack
                0x0000000000000000        0x0 binaries/lfsopen.o
 .note.GNU-stack
                0x0000000000000000        0x0 binaries/lftruncate.o
 .note.GNU-stack
                0x0000000000000000        0x0 binaries/rflclose.o
 .note.GNU-stack
                0x0000000000000000        0x0 binaries/rflgetc.o
 .note.GNU-stack
                0x0000000000000000        0x0 binaries/rflinit.o
 .note.GNU-stack
                0x0000000000000000        0x0 binaries/rflputc.o
 .note.GNU-stack
                0x0000000000000000        0x0 binaries/rflread.o
 .note.GNU-stack
                0x0000000000000000        0x0 binaries/rflseek.o
 .note.GNU-stack
                0x0000000000000000        0x0 binaries/rflwrite.o
 .note.GNU-stack
                0x0000000000000000        0x0 binaries/rfscomm.o
 .note.GNU-stack
                0x0000000000000000        0x0 binaries/rfscontrol.o
 .note.GNU-stack
                0x0000000000000000        0x0 binaries/rfsgetmode.o
 .note.GNU-stack
                0x0000000000000000        0x0 binaries/rfsinit.o
 .note.GNU-stack
                0x0000000000000000        0x0 binaries/rfsndmsg.o
 .note.GNU-stack
                0x0000000000000000        0x0 binaries/rfsopen.o
 .note.GNU-stack
                0x0000000000000000        0x0 binaries/arp.o
 .note.GNU-stack
                0x0000000000000000        0x0 binaries/dhcp.o
 .note.GNU-stack
                0x0000000000000000        0x0 binaries/dot2ip.o
 .note.GNU-stack
                0x0000000000000000        0x0 binaries/hexdump.o
 .note.GNU-stack
                0x0000000000000000        0x0 binaries/icmp.o
 .note.GNU-stack
                0x0000000000000000        0x0 binaries/ip.o
 .note.GNU-stack
                0x0000000000000000        0x0 binaries/net.o
 .note.GNU-stack
                0x0000000000000000        0x0 binaries/netstart.o
 .note.GNU-stack
                0x0000000000000000        0x0 binaries/pdump.o
 .note.GNU-stack
                0x0000000000000000        0x0 binaries/tftp.o
 .note.GNU-stack
                0x0000000000000000        0x0 binaries/udp.o
 .note.GNU-stack
                0x0000000000000000        0x0 binaries/addargs.o
 .note.GNU-stack
                0x0000000000000000        0x0 binaries/lexan.o
 .note.GNU-stack
                0x0000000000000000        0x0 binaries/shell.o
 .note.GNU-stack
                0x0000000000000000        0x0 binaries/xsh_argecho.o
 .note.GNU-stack
                0x0000000000000000        0x0 binaries/xsh_arp.o
 .note.GNU-stack
                0x0000000000000000        0x0 binaries/xsh_cat.o
 .note.GNU-stack
                0x0000000000000000        0x0 binaries/xsh_clear.o
 .note.GNU-stack
                0x0000000000000000        0x0 binaries/xsh_date.o
 .note.GNU-stack
                0x0000000000000000        0x0 binaries/xsh_devdump.o
 .note.GNU-stack
                0x0000000000000000        0x0 binaries/xsh_echo.o
 .note.GNU-stack
                0x0000000000000000        0x0 binaries/xsh_exit.o
 .note.GNU-stack
                0x0000000000000000        0x0 binaries/xsh_help.o
 .note.GNU-stack
                0x0000000000000000        0x0 binaries/xsh_ipaddr.o
 .note.GNU-stack
                0x0000000000000000        0x0 binaries/xsh_kill.o
 .note.GNU-stack
                0x0000000000000000        0x0 binaries/xsh_memdump.o
 .note.GNU-stack
                0x0000000000000000        0x0 binaries/xsh_memstat.o
 .note.GNU-stack
                0x0000000000000000        0x0 binaries/xsh_ping.o
 .note.GNU-stack
                0x0000000000000000        0x0 binaries/xsh_ps.o
 .note.GNU-stack
                0x0000000000000000        0x0 binaries/xsh_sleep.o
 .note.GNU-stack
                0x0000000000000000        0x0 binaries/xsh_udpdump.o
 .note.GNU-stack
                0x0000000000000000        0x0 binaries/xsh_udpecho.o
 .note.GNU-stack
                0x0000000000000000        0x0 binaries/xsh_udpeserver.o
 .note.GNU-stack
                0x0000000000000000        0x0 binaries/xsh_uptime.o
 .note.GNU-stack
                0x0000000000000000        0x0 binaries/xsh_ship.o
