
Allocating common symbols
Common symbol       size              file

netbufpool          0x4               binaries/net.o
readylist           0x2               binaries/ready.o
rfltab              0x5a0             binaries/rflinit.o
sleepq              0x2               binaries/clkinit.o
nnames              0x4               binaries/naminit.o
udptab              0x168             binaries/udp.o
minheap             0x4               binaries/meminit.o
marks               0x50              binaries/mark.o
currpid             0x4               binaries/initialize.o
Lf_data             0x20c             binaries/lfsinit.o
porttab             0x2d0             binaries/ptinit.o
girmask             0x2               binaries/evec.o
ttytab              0x10c             binaries/ttyinit.o
proctab             0x1900            binaries/initialize.o
prcount             0x4               binaries/initialize.o
lfltab              0xf00             binaries/lflinit.o
rdstab              0x8c              binaries/rdsinit.o
ethertab            0x138             binaries/ethinit.o
NetData             0xa8              binaries/net.o
nmarks              0x4               binaries/mark.o
Defer               0x8               binaries/resched.o
semtab              0x4b0             binaries/initialize.o
maxheap             0x4               binaries/meminit.o
preempt             0x4               binaries/clkinit.o
buftab              0xf0              binaries/bufinit.o
Rf_data             0x18              binaries/rfsinit.o
clktimefine         0x4               binaries/clkinit.o
mkmutex             0x4               binaries/mark.o
person_copy         0x4               binaries/cpuintensive.o
person              0x4               binaries/cpuintensive.o
clktime             0x4               binaries/clkinit.o
arpcache            0x140             binaries/arp.o
icmptab             0x230             binaries/icmp.o
nbpools             0x4               binaries/bufinit.o
queuetab            0x980             binaries/queue.o
ptnextid            0x4               binaries/ptinit.o
Ram                 0x19000           binaries/raminit.o
ipoqueue            0x2c              binaries/ip.o
memlist             0x8               binaries/initialize.o
nametab             0x19a0            binaries/naminit.o
ptfree              0x4               binaries/ptinit.o

Memory Configuration

Name             Origin             Length             Attributes
*default*        0x0000000000000000 0xffffffffffffffff

Linker script and memory map

                0x0000000000100000                physbase = 0x100000
                0x0000000000100000                . = physbase
                0x0000000000100000                . = ALIGN (0x1000)

.text           0x0000000000100000    0x15000
                0x0000000000100000                text = ABSOLUTE (.)
 *(.text .text.*)
 .text          0x0000000000100000      0x1ac binaries/start.o
                0x0000000000100028                start
                0x00000000001000fa                inb
                0x0000000000100102                inw
                0x000000000010010b                inl
                0x0000000000100113                outb
                0x000000000010011d                outw
                0x0000000000100128                outl
                0x0000000000100132                _rtcin
                0x000000000010013d                ___udivsi3
                0x0000000000100148                ___divsi3
                0x0000000000100154                sbzero
                0x0000000000100164                bcopy
                0x0000000000100178                insw
                0x000000000010018e                outsw
                0x00000000001001a4                lidt
 .text          0x00000000001001ac      0x2df binaries/ascdate.o
                0x00000000001001ac                ascdate
 .text          0x000000000010048b       0x14 binaries/bufinit.o
                0x000000000010048b                bufinit
 .text          0x000000000010049f       0x5a binaries/chprio.o
                0x000000000010049f                chprio
 .text          0x00000000001004f9       0x7a binaries/clkhandler.o
                0x00000000001004f9                clkhandler
 .text          0x0000000000100573       0x81 binaries/clkinit.o
                0x0000000000100573                clkinit
 .text          0x00000000001005f4       0x51 binaries/close.o
                0x00000000001005f4                close
 .text          0x0000000000100645        0x0 binaries/conf.o
 .text          0x0000000000100645       0x66 binaries/control.o
                0x0000000000100645                control
 .text          0x00000000001006ab       0xb2 binaries/cpuintensive.o
                0x00000000001006ab                cpuintensive
 .text          0x000000000010075d      0x1da binaries/create.o
                0x000000000010075d                create
 .text          0x0000000000100937      0x2bb binaries/early_imr.o
                0x0000000000100937                intel_cln_early_sb_read_reg
                0x000000000010099e                intel_cln_early_sb_write_reg
                0x0000000000100ab1                remove_irm_protections
 .text          0x0000000000100bf2      0x36d binaries/evec.o
                0x0000000000100bf2                setirmask
                0x0000000000100c31                set_evec
                0x0000000000100c90                initevec
                0x0000000000100da4                trap
 .text          0x0000000000100f5f       0x6a binaries/freebuf.o
                0x0000000000100f5f                freebuf
 .text          0x0000000000100fc9      0x102 binaries/freemem.o
                0x0000000000100fc9                freemem
 .text          0x00000000001010cb       0x69 binaries/getbuf.o
                0x00000000001010cb                getbuf
 .text          0x0000000000101134       0x51 binaries/getc.o
                0x0000000000101134                getc
 .text          0x0000000000101185       0x68 binaries/getdev.o
                0x0000000000101185                getdev
 .text          0x00000000001011ed       0x86 binaries/getitem.o
                0x00000000001011ed                getitem
                0x000000000010121c                getfirst
                0x0000000000101245                getlast
 .text          0x0000000000101273       0xb5 binaries/getmem.o
                0x0000000000101273                getmem
 .text          0x0000000000101328        0xa binaries/getpid.o
                0x0000000000101328                getpid
 .text          0x0000000000101332       0x4d binaries/getprio.o
                0x0000000000101332                getprio
 .text          0x000000000010137f       0xa2 binaries/getstk.o
                0x000000000010137f                getstk
 .text          0x0000000000101421       0x32 binaries/gettime.o
                0x0000000000101421                gettime
 .text          0x0000000000101453      0x1a2 binaries/getutime.o
                0x0000000000101453                getutime
 .text          0x00000000001015f5       0x51 binaries/init.o
                0x00000000001015f5                init
 .text          0x0000000000101646      0x2e9 binaries/initialize.o
                0x0000000000101646                nulluser
                0x00000000001018e2                stop
                0x0000000000101909                delay
 .text          0x000000000010192f       0x98 binaries/insert.o
                0x000000000010192f                insert
 .text          0x00000000001019c7       0x98 binaries/insertNI.o
                0x00000000001019c7                insertNI
 .text          0x0000000000101a5f       0xe8 binaries/insertd.o
                0x0000000000101a5f                insertd
 .text          0x0000000000101b47        0xa binaries/ioerr.o
                0x0000000000101b47                ioerr
 .text          0x0000000000101b51       0x88 binaries/iointensive.o
                0x0000000000101b51                iointensive
 .text          0x0000000000101bd9        0xa binaries/ionull.o
                0x0000000000101bd9                ionull
 .text          0x0000000000101be3      0x134 binaries/kill.o
                0x0000000000101be3                kill
 .text          0x0000000000101d17       0xbf binaries/kprintf.o
                0x0000000000101d17                kputc
                0x0000000000101d49                console_init
                0x0000000000101d89                kgetc
                0x0000000000101daf                kprintf
 .text          0x0000000000101dd6       0x29 binaries/lab0app1.o
                0x0000000000101dd6                lab0app1
 .text          0x0000000000101dff       0x31 binaries/lab0app2.o
                0x0000000000101dff                lab0app2
 .text          0x0000000000101e30      0x195 binaries/main.o
                0x0000000000101e30                main
 .text          0x0000000000101fc5       0x97 binaries/mark.o
                0x0000000000101fc5                markinit
                0x0000000000101fe8                mark
 .text          0x000000000010205c      0x1c7 binaries/meminit.o
                0x000000000010205c                meminit
                0x00000000001021ab                setsegs
 .text          0x0000000000102223      0x111 binaries/mkbufpool.o
                0x0000000000102223                mkbufpool
 .text          0x0000000000102334       0x49 binaries/myattacker.o
                0x0000000000102334                myattackermalware
                0x0000000000102363                myattacker
 .text          0x000000000010237d       0x2e binaries/myvictim.o
                0x000000000010237d                sleep2ms
                0x0000000000102391                dostuff
                0x000000000010239e                myvictim
 .text          0x00000000001023ab       0x63 binaries/newqueue.o
                0x00000000001023ab                newqueue
 .text          0x000000000010240e       0x5f binaries/open.o
                0x000000000010240e                open
 .text          0x000000000010246d       0x20 binaries/panic.o
                0x000000000010246d                panic
 .text          0x000000000010248d      0x27a binaries/pci.o
                0x000000000010248d                pci_init
                0x0000000000102497                find_pci_device
                0x0000000000102554                pci_read_config_byte
                0x0000000000102590                pci_read_config_word
                0x00000000001025ce                pci_read_config_dword
                0x000000000010260a                pci_write_config_byte
                0x0000000000102644                pci_write_config_word
                0x000000000010267f                pci_write_config_dword
                0x00000000001026b9                pci_get_dev_mmio_base_addr
 .text          0x0000000000102707       0x5a binaries/platinit.o
                0x0000000000102707                platinit
 .text          0x0000000000102761       0x4b binaries/printloop.o
                0x0000000000102761                printloop
 .text          0x00000000001027ac       0x3d binaries/printnoloop.o
                0x00000000001027ac                printnoloop
 .text          0x00000000001027e9       0x9e binaries/printsegaddress.o
                0x00000000001027e9                printsegaddress
 .text          0x0000000000102887       0xa9 binaries/ptclear.o
                0x0000000000102887                _ptclear
 .text          0x0000000000102930       0x71 binaries/ptcount.o
                0x0000000000102930                ptcount
 .text          0x00000000001029a1       0xc3 binaries/ptcreate.o
                0x00000000001029a1                ptcreate
 .text          0x0000000000102a64       0x68 binaries/ptdelete.o
                0x0000000000102a64                ptdelete
 .text          0x0000000000102acc       0x8c binaries/ptinit.o
                0x0000000000102acc                ptinit
 .text          0x0000000000102b58       0xc0 binaries/ptrecv.o
                0x0000000000102b58                ptrecv
 .text          0x0000000000102c18       0x62 binaries/ptreset.o
                0x0000000000102c18                ptreset
 .text          0x0000000000102c7a       0xd2 binaries/ptsend.o
                0x0000000000102c7a                ptsend
 .text          0x0000000000102d4c       0x5f binaries/putc.o
                0x0000000000102d4c                putc
 .text          0x0000000000102dab       0xd3 binaries/quark_irq.o
                0x0000000000102dab                quark_irq_routing
 .text          0x0000000000102e7e      0x1c1 binaries/quark_pdat.o
                0x0000000000102e7e                get_quark_pdat_entry_data_by_id
                0x0000000000102f5b                get_quark_pdat_entry_data_by_desc
 .text          0x000000000010303f       0xaa binaries/queue.o
                0x000000000010303f                enqueue
                0x00000000001030a2                dequeue
 .text          0x00000000001030e9       0x5f binaries/read.o
                0x00000000001030e9                read
 .text          0x0000000000103148       0x62 binaries/ready.o
                0x0000000000103148                ready
 .text          0x00000000001031aa       0x4c binaries/receive.o
                0x00000000001031aa                receive
 .text          0x00000000001031f6       0x3d binaries/recvclr.o
                0x00000000001031f6                recvclr
 .text          0x0000000000103233       0x93 binaries/recvtime.o
                0x0000000000103233                recvtime
 .text          0x00000000001032c6      0x147 binaries/resched.o
                0x00000000001032c6                resched
                0x000000000010339b                resched_cntl
 .text          0x000000000010340d       0x78 binaries/resume.o
                0x000000000010340d                resume
 .text          0x0000000000103485       0x58 binaries/seek.o
                0x0000000000103485                seek
 .text          0x00000000001034dd       0x4a binaries/semcount.o
                0x00000000001034dd                semcount
 .text          0x0000000000103527       0x95 binaries/semcreate.o
                0x0000000000103527                semcreate
 .text          0x00000000001035bc       0xab binaries/semdelete.o
                0x00000000001035bc                semdelete
 .text          0x0000000000103667       0x96 binaries/semreset.o
                0x0000000000103667                semreset
 .text          0x00000000001036fd       0xa4 binaries/send.o
                0x00000000001036fd                send
 .text          0x00000000001037a1       0x7f binaries/signal.o
                0x00000000001037a1                signal
 .text          0x0000000000103820       0xaa binaries/signaln.o
                0x0000000000103820                signaln
 .text          0x00000000001038ca       0xb6 binaries/sleep.o
                0x00000000001038ca                sleepms
                0x000000000010394e                sleep
 .text          0x0000000000103980       0xc4 binaries/stackdepth.o
                0x0000000000103980                stackdepth
 .text          0x0000000000103a44      0x17c binaries/stacktrace.o
                0x0000000000103a44                stacktrace
 .text          0x0000000000103bc0       0xa6 binaries/suspend.o
                0x0000000000103bc0                suspend
 .text          0x0000000000103c66       0x99 binaries/unsleep.o
                0x0000000000103c66                unsleep
 .text          0x0000000000103cff       0x15 binaries/userret.o
                0x0000000000103cff                userret
 .text          0x0000000000103d14       0x97 binaries/wait.o
                0x0000000000103d14                wait
 .text          0x0000000000103dab       0x72 binaries/wakeup.o
                0x0000000000103dab                wakeup
 .text          0x0000000000103e1d       0x5f binaries/write.o
                0x0000000000103e1d                write
 .text          0x0000000000103e7c       0x19 binaries/xdone.o
                0x0000000000103e7c                xdone
 .text          0x0000000000103e95       0x26 binaries/yield.o
                0x0000000000103e95                yield
 .text          0x0000000000103ebb       0x11 binaries/abs.o
                0x0000000000103ebb                abs
 .text          0x0000000000103ecc       0x73 binaries/atoi.o
                0x0000000000103ecc                atoi
 .text          0x0000000000103f3f       0x73 binaries/atol.o
                0x0000000000103f3f                atol
 .text          0x0000000000103fb2       0x1a binaries/bzero.o
                0x0000000000103fb2                bzero
 .text          0x0000000000103fcc        0x0 binaries/ctype_.o
 .text          0x0000000000103fcc      0x682 binaries/doprnt.o
                0x000000000010411c                _doprnt
 .text          0x000000000010464e      0x576 binaries/doscan.o
                0x000000000010464e                _doscan
 .text          0x0000000000104bc4      0x635 binaries/fdoprnt.o
                0x0000000000104c46                _fdoprnt
 .text          0x00000000001051f9       0x1c binaries/fgetc.o
                0x00000000001051f9                fgetc
 .text          0x0000000000105215       0x5d binaries/fgets.o
                0x0000000000105215                fgets
 .text          0x0000000000105272       0x2e binaries/fprintf.o
                0x0000000000105272                fprintf
 .text          0x00000000001052a0       0x27 binaries/fputc.o
                0x00000000001052a0                fputc
 .text          0x00000000001052c7       0x3c binaries/fputs.o
                0x00000000001052c7                fputs
 .text          0x0000000000105303       0x7b binaries/fscanf.o
                0x000000000010533f                fscanf
 .text          0x000000000010537e       0x1f binaries/getchar.o
                0x000000000010537e                getchar
 .text          0x000000000010539d       0x11 binaries/labs.o
                0x000000000010539d                labs
 .text          0x00000000001053ae       0x36 binaries/memchr.o
                0x00000000001053ae                memchr
 .text          0x00000000001053e4       0x4b binaries/memcmp.o
                0x00000000001053e4                memcmp
 .text          0x000000000010542f       0x26 binaries/memcpy.o
                0x000000000010542f                memcpy
 .text          0x0000000000105455       0x1f binaries/memset.o
                0x0000000000105455                memset
 .text          0x0000000000105474       0x3b binaries/printf.o
                0x0000000000105474                printf
 .text          0x00000000001054af       0x26 binaries/putchar.o
                0x00000000001054af                putchar
 .text          0x00000000001054d5      0x1c2 binaries/qsort.o
                0x000000000010566f                qsort
 .text          0x0000000000105697       0x4b binaries/rand.o
                0x0000000000105697                srand
                0x00000000001056a4                rand
 .text          0x00000000001056e2       0x55 binaries/sprintf.o
                0x00000000001056fb                sprintf
 .text          0x0000000000105737       0x6f binaries/sscanf.o
                0x0000000000105767                sscanf
 .text          0x00000000001057a6       0x35 binaries/strchr.o
                0x00000000001057a6                strchr
 .text          0x00000000001057db       0x45 binaries/strcmp.o
                0x00000000001057db                strcmp
 .text          0x0000000000105820       0x1c binaries/strcpy.o
                0x0000000000105820                strcpy
 .text          0x000000000010583c       0x20 binaries/strlen.o
                0x000000000010583c                strlen
 .text          0x000000000010585c       0x3c binaries/strncat.o
                0x000000000010585c                strncat
 .text          0x0000000000105898       0x3b binaries/strncmp.o
                0x0000000000105898                strncmp
 .text          0x00000000001058d3       0x59 binaries/strncpy.o
                0x00000000001058d3                strncpy
 .text          0x000000000010592c       0x32 binaries/strnlen.o
                0x000000000010592c                strnlen
 .text          0x000000000010595e       0x32 binaries/strrchr.o
                0x000000000010595e                strrchr
 .text          0x0000000000105990       0x71 binaries/strstr.o
                0x0000000000105990                strstr
 .text          0x0000000000105a01       0xbd binaries/ttycontrol.o
                0x0000000000105a01                ttycontrol
 .text          0x0000000000105abe       0x7e binaries/ttygetc.o
                0x0000000000105abe                ttygetc
 .text          0x0000000000105b3c      0x4a3 binaries/ttyhandle_in.o
                0x0000000000105bff                ttyhandle_in
 .text          0x0000000000105fdf      0x170 binaries/ttyhandle_out.o
                0x0000000000105fdf                ttyhandle_out
 .text          0x000000000010614f       0x87 binaries/ttyhandler.o
                0x000000000010614f                ttyhandler
 .text          0x00000000001061d6      0x151 binaries/ttyinit.o
                0x00000000001061d6                ttyinit
 .text          0x0000000000106327        0xf binaries/ttykickout.o
                0x0000000000106327                ttykickout
 .text          0x0000000000106336       0x95 binaries/ttyputc.o
                0x0000000000106336                ttyputc
 .text          0x00000000001063cb       0xec binaries/ttyread.o
                0x00000000001063cb                ttyread
 .text          0x00000000001064b7       0x4e binaries/ttywrite.o
                0x00000000001064b7                ttywrite
 .text          0x0000000000106505      0x110 binaries/mount.o
                0x0000000000106505                namlen
                0x0000000000106541                mount
 .text          0x0000000000106615      0x205 binaries/naminit.o
                0x0000000000106615                naminit
 .text          0x000000000010681a      0x203 binaries/nammap.o
                0x000000000010681a                namrepl
                0x000000000010692d                namcpy
                0x000000000010697b                nammap
 .text          0x0000000000106a1d       0x4e binaries/namopen.o
                0x0000000000106a1d                namopen
 .text          0x0000000000106a6b       0xdd binaries/colon2mac.o
                0x0000000000106a6b                colon2mac
 .text          0x0000000000106b48       0x77 binaries/ethcontrol.o
                0x0000000000106b48                ethcontrol
 .text          0x0000000000106bbf      0x106 binaries/ethhandler.o
                0x0000000000106bbf                ethhandler
 .text          0x0000000000106cc5      0x4da binaries/ethinit.o
                0x0000000000106cc5                eth_phy_read
                0x0000000000106d07                eth_phy_write
                0x0000000000106d4a                eth_phy_reset
                0x0000000000106e49                ethinit
 .text          0x000000000010719f      0x125 binaries/ethmcast.o
                0x000000000010719f                ethmcast_add
                0x00000000001071f4                ethmcast_remove
 .text          0x00000000001072c4      0x14b binaries/ethread.o
                0x00000000001072c4                ethread
 .text          0x000000000010740f       0xa6 binaries/ethwrite.o
                0x000000000010740f                ethwrite
 .text          0x00000000001074b5       0x65 binaries/rdsbufalloc.o
                0x00000000001074b5                rdsbufalloc
 .text          0x000000000010751a       0x82 binaries/rdsclose.o
                0x000000000010751a                rdsclose
 .text          0x000000000010759c      0x1f1 binaries/rdscomm.o
                0x000000000010759c                rdscomm
 .text          0x000000000010778d      0x18f binaries/rdscontrol.o
                0x000000000010778d                rdscontrol
 .text          0x000000000010791c      0x183 binaries/rdsinit.o
                0x000000000010791c                rdsinit
 .text          0x0000000000107a9f      0x15b binaries/rdsopen.o
                0x0000000000107a9f                rdsopen
 .text          0x0000000000107bfa      0x2e4 binaries/rdsprocess.o
                0x0000000000107bfa                rdsprocess
 .text          0x0000000000107ede      0x18b binaries/rdsread.o
                0x0000000000107ede                rdsread
 .text          0x0000000000108069      0x141 binaries/rdswrite.o
                0x0000000000108069                rdswrite
 .text          0x00000000001081aa        0xa binaries/ramclose.o
                0x00000000001081aa                ramclose
 .text          0x00000000001081b4       0x45 binaries/raminit.o
                0x00000000001081b4                raminit
 .text          0x00000000001081f9        0xa binaries/ramopen.o
                0x00000000001081f9                ramopen
 .text          0x0000000000108203       0x2f binaries/ramread.o
                0x0000000000108203                ramread
 .text          0x0000000000108232       0x2f binaries/ramwrite.o
                0x0000000000108232                ramwrite
 .text          0x0000000000108261       0x94 binaries/lfdballoc.o
                0x0000000000108261                lfdballoc
 .text          0x00000000001082f5       0x5d binaries/lfdbfree.o
                0x00000000001082f5                lfdbfree
 .text          0x0000000000108352       0xad binaries/lfflush.o
                0x0000000000108352                lfflush
 .text          0x00000000001083ff       0x82 binaries/lfgetmode.o
                0x00000000001083ff                lfgetmode
 .text          0x0000000000108481       0x6a binaries/lfiballoc.o
                0x0000000000108481                lfiballoc
 .text          0x00000000001084eb       0x27 binaries/lfibclear.o
                0x00000000001084eb                lfibclear
 .text          0x0000000000108512       0x75 binaries/lfibget.o
                0x0000000000108512                lfibget
 .text          0x0000000000108587       0x9d binaries/lfibput.o
                0x0000000000108587                lfibput
 .text          0x0000000000108624       0x79 binaries/lflclose.o
                0x0000000000108624                lflclose
 .text          0x000000000010869d       0xa3 binaries/lflcontrol.o
                0x000000000010869d                lflcontrol
 .text          0x0000000000108740       0xa1 binaries/lflgetc.o
                0x0000000000108740                lflgetc
 .text          0x00000000001087e1       0xbb binaries/lflinit.o
                0x00000000001087e1                lflinit
 .text          0x000000000010889c       0xbc binaries/lflputc.o
                0x000000000010889c                lflputc
 .text          0x0000000000108958       0x6b binaries/lflread.o
                0x0000000000108958                lflread
 .text          0x00000000001089c3       0x84 binaries/lflseek.o
                0x00000000001089c3                lflseek
 .text          0x0000000000108a47       0x5a binaries/lflwrite.o
                0x0000000000108a47                lflwrite
 .text          0x0000000000108aa1      0x126 binaries/lfsckfmt.o
                0x0000000000108aa1                lfsckfmt
 .text          0x0000000000108bc7      0x201 binaries/lfscreate.o
                0x0000000000108bc7                lfscreate
 .text          0x0000000000108dc8      0x1b8 binaries/lfsetup.o
                0x0000000000108dc8                lfsetup
 .text          0x0000000000108f80       0x52 binaries/lfsinit.o
                0x0000000000108f80                lfsinit
 .text          0x0000000000108fd2      0x2ab binaries/lfsopen.o
                0x0000000000108fd2                lfsopen
 .text          0x000000000010927d      0x117 binaries/lftruncate.o
                0x000000000010927d                lftruncate
 .text          0x0000000000109394       0x5a binaries/rflclose.o
                0x0000000000109394                rflclose
 .text          0x00000000001093ee       0x32 binaries/rflgetc.o
                0x00000000001093ee                rflgetc
 .text          0x0000000000109420       0x4e binaries/rflinit.o
                0x0000000000109420                rflinit
 .text          0x000000000010946e       0x37 binaries/rflputc.o
                0x000000000010946e                rflputc
 .text          0x00000000001094a5      0x285 binaries/rflread.o
                0x00000000001094a5                rflread
 .text          0x000000000010972a       0x5f binaries/rflseek.o
                0x000000000010972a                rflseek
 .text          0x0000000000109789      0x2c5 binaries/rflwrite.o
                0x0000000000109789                rflwrite
 .text          0x0000000000109a4e      0x183 binaries/rfscomm.o
                0x0000000000109a4e                rfscomm
 .text          0x0000000000109bd1      0x232 binaries/rfscontrol.o
                0x0000000000109bd1                rfscontrol
 .text          0x0000000000109e03       0x82 binaries/rfsgetmode.o
                0x0000000000109e03                rfsgetmode
 .text          0x0000000000109e85       0x77 binaries/rfsinit.o
                0x0000000000109e85                rfsinit
 .text          0x0000000000109efc       0xb1 binaries/rfsndmsg.o
                0x0000000000109efc                rfsndmsg
 .text          0x0000000000109fad      0x220 binaries/rfsopen.o
                0x0000000000109fad                rfsopen
 .text          0x000000000010a1cd      0x645 binaries/arp.o
                0x000000000010a1cd                arp_init
                0x000000000010a1e9                arp_alloc
                0x000000000010a29d                arp_ntoh
                0x000000000010a30a                arp_hton
                0x000000000010a377                arp_resolve
                0x000000000010a5e5                arp_in
 .text          0x000000000010a812      0x667 binaries/dhcp.o
                0x000000000010a812                dhcp_get_opt_val
                0x000000000010a866                dhcp_bld_bootp_msg
                0x000000000010a967                dhcp_bld_disc
                0x000000000010a9bc                dhcp_bld_req
                0x000000000010aa5b                getlocalip
 .text          0x000000000010ae79       0xe0 binaries/dot2ip.o
                0x000000000010ae79                dot2ip
 .text          0x000000000010af59      0x373 binaries/hexdump.o
                0x000000000010af59                hexdump
                0x000000000010b092                hexadump
 .text          0x000000000010b2cc      0x5fb binaries/icmp.o
                0x000000000010b2cc                icmp_init
                0x000000000010b2e8                icmp_register
                0x000000000010b39d                icmp_recv
                0x000000000010b4ee                icmp_mkpkt
                0x000000000010b5c5                icmp_in
                0x000000000010b701                icmp_send
                0x000000000010b77d                icmp_release
                0x000000000010b83a                icmp_cksum
                0x000000000010b899                icmp_hton
                0x000000000010b8b0                icmp_ntoh
 .text          0x000000000010b8c7      0x57c binaries/ip.o
                0x000000000010b8c7                ip_local
                0x000000000010b8fb                ipcksum
                0x000000000010b94f                ip_ntoh
                0x000000000010b9bc                ip_in
                0x000000000010bab4                ip_hton
                0x000000000010bb21                ip_out
                0x000000000010bbd8                ip_send
                0x000000000010bcd6                ipout
                0x000000000010bdb5                ip_enqueue
 .text          0x000000000010be43      0x1dd binaries/net.o
                0x000000000010be43                net_init
                0x000000000010bf7f                eth_hton
                0x000000000010bf8c                eth_ntoh
                0x000000000010bf99                netin
 .text          0x000000000010c020       0xd7 binaries/netstart.o
                0x000000000010c020                netstart
 .text          0x000000000010c0f7      0xb45 binaries/pdump.o
                0x000000000010c0f7                pdump
                0x000000000010c767                pdumph
 .text          0x000000000010cc3c      0x5ce binaries/tftp.o
                0x000000000010cc3c                tftp_send1
                0x000000000010cd68                tftpget_mb
                0x000000000010d1d1                tftpget
 .text          0x000000000010d20a      0x7f1 binaries/udp.o
                0x000000000010d20a                udp_init
                0x000000000010d24b                udp_in
                0x000000000010d30c                udp_register
                0x000000000010d3f8                udp_recv
                0x000000000010d518                udp_recvaddr
                0x000000000010d64d                udp_send
                0x000000000010d7c3                udp_sendto
                0x000000000010d910                udp_release
                0x000000000010d9cd                udp_ntoh
                0x000000000010d9e4                udp_hton
 .text          0x000000000010d9fb       0xf5 binaries/addargs.o
                0x000000000010d9fb                addargs
 .text          0x000000000010daf0      0x1f1 binaries/lexan.o
                0x000000000010daf0                lexan
 .text          0x000000000010dce1      0x6a4 binaries/shell.o
                0x000000000010dce1                shell
 .text          0x000000000010e385       0x5d binaries/xsh_argecho.o
                0x000000000010e385                xsh_argecho
 .text          0x000000000010e3e2      0x1d4 binaries/xsh_arp.o
                0x000000000010e3e2                xsh_arp
 .text          0x000000000010e5b6      0x1ea binaries/xsh_cat.o
                0x000000000010e5b6                xsh_cat
 .text          0x000000000010e7a0       0x4e binaries/xsh_clear.o
                0x000000000010e7a0                xsh_clear
 .text          0x000000000010e7ee      0x28d binaries/xsh_date.o
                0x000000000010e7ee                xsh_date
 .text          0x000000000010ea7b       0x89 binaries/xsh_devdump.o
                0x000000000010ea7b                xsh_devdump
 .text          0x000000000010eb04       0x62 binaries/xsh_echo.o
                0x000000000010eb04                xsh_echo
 .text          0x000000000010eb66        0xa binaries/xsh_exit.o
                0x000000000010eb66                xsh_exit
 .text          0x000000000010eb70      0x320 binaries/xsh_help.o
                0x000000000010eb70                xsh_help
 .text          0x000000000010ee90      0x409 binaries/xsh_ipaddr.o
                0x000000000010ee90                xsh_ipaddr
 .text          0x000000000010f299      0x1ce binaries/xsh_kill.o
                0x000000000010f299                xsh_kill
 .text          0x000000000010f467      0x3cc binaries/xsh_memdump.o
                0x000000000010f521                xsh_memdump
 .text          0x000000000010f833      0x1eb binaries/xsh_memstat.o
                0x000000000010f833                xsh_memstat
 .text          0x000000000010fa1e      0x2d1 binaries/xsh_ping.o
                0x000000000010fa1e                xsh_ping
 .text          0x000000000010fcef      0x1ec binaries/xsh_ps.o
                0x000000000010fcef                xsh_ps
 .text          0x000000000010fedb       0x19 binaries/xsh_ship.o
                0x000000000010fedb                xsh_ship
 .text          0x000000000010fef4      0x1bc binaries/xsh_sleep.o
                0x000000000010fef4                xsh_sleep
 .text          0x00000000001100b0      0x218 binaries/xsh_udpdump.o
                0x00000000001100b0                xsh_udpdump
 .text          0x00000000001102c8      0x3fa binaries/xsh_udpecho.o
                0x00000000001102c8                xsh_udpecho
 .text          0x00000000001106c2      0x247 binaries/xsh_udpeserver.o
                0x00000000001106c2                xsh_udpeserver
 .text          0x0000000000110909      0x1bb binaries/xsh_uptime.o
                0x0000000000110909                xsh_uptime
 .text          0x0000000000110ac4        0xe binaries/clkdisp.o
                0x0000000000110ac4                clkdisp
 .text          0x0000000000110ad2       0x19 binaries/ctxsw.o
                0x0000000000110ad2                ctxsw
 .text          0x0000000000110aeb        0xa binaries/host2netl.o
                0x0000000000110aeb                host2netl
 .text          0x0000000000110af5      0x36b binaries/intr.o
                0x0000000000110af5                disable
                0x0000000000110afe                restore
                0x0000000000110b0c                enable
                0x0000000000110b0e                pause
                0x0000000000110b15                halt
                0x0000000000110b1b                spurious_irq7
                0x0000000000110b20                spurious_irq15
                0x0000000000110b2f                _Xint0
                0x0000000000110b3a                _Xint1
                0x0000000000110b45                _Xint2
                0x0000000000110b50                _Xint3
                0x0000000000110b5b                _Xint4
                0x0000000000110b66                _Xint5
                0x0000000000110b71                _Xint6
                0x0000000000110b7c                _Xint7
                0x0000000000110b87                _Xint8
                0x0000000000110b92                _Xint9
                0x0000000000110b9d                _Xint10
                0x0000000000110ba8                _Xint11
                0x0000000000110bb6                _Xint12
                0x0000000000110bc4                _Xint13
                0x0000000000110bd2                _Xint14
                0x0000000000110be0                _Xint15
                0x0000000000110bee                _Xint16
                0x0000000000110bfc                _Xint17
                0x0000000000110c0a                _Xint18
                0x0000000000110c18                _Xint19
                0x0000000000110c26                _Xint20
                0x0000000000110c34                _Xint21
                0x0000000000110c42                _Xint22
                0x0000000000110c50                _Xint23
                0x0000000000110c5e                _Xint24
                0x0000000000110c6c                _Xint25
                0x0000000000110c7a                _Xint26
                0x0000000000110c88                _Xint27
                0x0000000000110c96                _Xint28
                0x0000000000110ca4                _Xint29
                0x0000000000110cb2                _Xint30
                0x0000000000110cc0                _Xint31
                0x0000000000110cce                _Xint32
                0x0000000000110cdc                _Xint33
                0x0000000000110cea                _Xint34
                0x0000000000110cf8                _Xint35
                0x0000000000110d06                _Xint36
                0x0000000000110d14                _Xint37
                0x0000000000110d22                _Xint38
                0x0000000000110d30                _Xint39
                0x0000000000110d3e                _Xint40
                0x0000000000110d4c                _Xint41
                0x0000000000110d5a                _Xint42
                0x0000000000110d68                _Xint43
                0x0000000000110d76                _Xint44
                0x0000000000110d84                _Xint45
                0x0000000000110d92                _Xint46
                0x0000000000110da0                defevec
 .text          0x0000000000110e60        0xf binaries/ttydispatch.o
                0x0000000000110e60                ttydispatch
 .text          0x0000000000110e6f       0x13 binaries/ethdispatch.o
                0x0000000000110e6f                ethdispatch
 *(.rodata .rodata.*)
 .rodata.str1.1
                0x0000000000110e82       0x54 binaries/ascdate.o
 *fill*         0x0000000000110ed6        0x2 
 .rodata.str1.4
                0x0000000000110ed8       0x22 binaries/ascdate.o
 .rodata.str1.1
                0x0000000000110efa       0x5f binaries/conf.o
 .rodata.str1.1
                0x0000000000110f59        0xd binaries/cpuintensive.o
                                         0x14 (size before relaxing)
 *fill*         0x0000000000110f66        0x2 
 .rodata.str1.4
                0x0000000000110f68       0x4f binaries/early_imr.o
 .rodata        0x0000000000110fb7       0x30 binaries/early_imr.o
 .rodata.str1.1
                0x0000000000110fe7      0x20c binaries/evec.o
 *fill*         0x00000000001111f3        0x1 
 .rodata.str1.4
                0x00000000001111f4       0x23 binaries/evec.o
 .rodata.str1.1
                0x0000000000111217        0xb binaries/getutime.o
 *fill*         0x0000000000111222        0x2 
 .rodata.str1.4
                0x0000000000111224       0x54 binaries/getutime.o
 .rodata.str1.1
                0x0000000000111278       0x88 binaries/initialize.o
                                         0x8c (size before relaxing)
 .rodata.str1.4
                0x0000000000111300      0x54a binaries/initialize.o
 .rodata.str1.1
                0x0000000000000000       0x14 binaries/iointensive.o
 *fill*         0x000000000011184a        0x2 
 .rodata        0x000000000011184c       0x20 binaries/kill.o
 .rodata.str1.4
                0x000000000011186c       0x25 binaries/lab0app1.o
 .rodata.str1.1
                0x0000000000111891       0x10 binaries/lab0app1.o
 .rodata.str1.1
                0x00000000001118a1       0x17 binaries/lab0app2.o
                                         0x27 (size before relaxing)
 .rodata.str1.1
                0x00000000001118b8        0x6 binaries/main.o
                                          0xe (size before relaxing)
 *fill*         0x00000000001118be        0x2 
 .rodata.str1.4
                0x00000000001118c0       0x22 binaries/main.o
 *fill*         0x00000000001118e2        0x2 
 .rodata.str1.4
                0x00000000001118e4       0x23 binaries/meminit.o
 .rodata.str1.1
                0x0000000000111907       0x1b binaries/meminit.o
 .rodata.str1.1
                0x0000000000111922       0x18 binaries/myattacker.o
 .rodata.str1.1
                0x000000000011193a        0xf binaries/panic.o
 .rodata.str1.1
                0x0000000000111949        0x8 binaries/printloop.o
 .rodata.str1.1
                0x0000000000111951       0x15 binaries/printnoloop.o
 *fill*         0x0000000000111966        0x2 
 .rodata.str1.4
                0x0000000000111968       0xc4 binaries/printsegaddress.o
 .rodata.str1.1
                0x0000000000111a2c       0x1c binaries/ptinit.o
 .rodata.str1.4
                0x0000000000111a48       0x25 binaries/ptsend.o
 .rodata.str1.1
                0x0000000000111a6d       0x22 binaries/quark_pdat.o
 .rodata.str1.1
                0x0000000000111a8f       0x34 binaries/stackdepth.o
 *fill*         0x0000000000111ac3        0x1 
 .rodata.str1.4
                0x0000000000111ac4       0x4d binaries/stackdepth.o
 *fill*         0x0000000000111b11        0x3 
 .rodata.str1.4
                0x0000000000111b14       0x63 binaries/stacktrace.o
 .rodata.str1.1
                0x0000000000111b77       0x52 binaries/stacktrace.o
 *fill*         0x0000000000111bc9        0x3 
 .rodata.str1.4
                0x0000000000111bcc       0x27 binaries/xdone.o
 *fill*         0x0000000000111bf3        0xd 
 .rodata        0x0000000000111c00       0x81 binaries/ctype_.o
                0x0000000000111c00                _ctype_
 .rodata.str1.1
                0x0000000000111c81       0x29 binaries/doprnt.o
 *fill*         0x0000000000111caa        0x2 
 .rodata        0x0000000000111cac       0xc4 binaries/doprnt.o
 .rodata        0x0000000000111d70       0x98 binaries/doscan.o
 .rodata.str1.1
                0x0000000000000000       0x29 binaries/fdoprnt.o
 .rodata        0x0000000000111e08       0x84 binaries/fdoprnt.o
 .rodata        0x0000000000111e8c       0x20 binaries/ttycontrol.o
 .rodata.str1.4
                0x0000000000111eac       0x4c binaries/naminit.o
 .rodata.str1.1
                0x0000000000111ef8       0x32 binaries/naminit.o
                                         0x35 (size before relaxing)
 .rodata.str1.1
                0x0000000000111f2a       0x15 binaries/ethinit.o
 *fill*         0x0000000000111f3f        0x1 
 .rodata.str1.4
                0x0000000000111f40       0x2e binaries/ethinit.o
 *fill*         0x0000000000111f6e        0x2 
 .rodata.str1.4
                0x0000000000111f70       0x2c binaries/rdsbufalloc.o
 .rodata.str1.4
                0x0000000000111f9c       0x76 binaries/rdscomm.o
 *fill*         0x0000000000112012        0x2 
 .rodata.str1.4
                0x0000000000112014       0x48 binaries/rdscontrol.o
 .rodata.str1.4
                0x000000000011205c       0x7e binaries/rdsinit.o
 .rodata.str1.1
                0x00000000001120da       0x18 binaries/rdsinit.o
 *fill*         0x00000000001120f2        0x2 
 .rodata.str1.4
                0x00000000001120f4       0x22 binaries/rdsopen.o
 *fill*         0x0000000000112116        0x2 
 .rodata.str1.4
                0x0000000000112118       0x4d binaries/rdsprocess.o
 .rodata.str1.1
                0x0000000000112165        0x9 binaries/raminit.o
 .rodata.str1.1
                0x000000000011216e       0x13 binaries/lfdballoc.o
 *fill*         0x0000000000112181        0x3 
 .rodata.str1.4
                0x0000000000112184       0x23 binaries/lfdballoc.o
 .rodata.str1.1
                0x00000000001121a7       0x14 binaries/lfiballoc.o
 *fill*         0x00000000001121bb        0x1 
 .rodata.str1.4
                0x00000000001121bc       0x23 binaries/lflcontrol.o
 .rodata.str1.1
                0x00000000001121df       0x64 binaries/lfsckfmt.o
 *fill*         0x0000000000112243        0x1 
 .rodata.str1.4
                0x0000000000112244       0x51 binaries/lfsckfmt.o
 *fill*         0x0000000000112295        0x3 
 .rodata.str1.4
                0x0000000000112298       0x21 binaries/rflread.o
 .rodata.str1.4
                0x0000000000000000       0x21 binaries/rflwrite.o
 *fill*         0x00000000001122b9        0x3 
 .rodata.str1.4
                0x00000000001122bc       0x75 binaries/rfscomm.o
 *fill*         0x0000000000112331        0x3 
 .rodata.str1.4
                0x0000000000112334       0x23 binaries/rfscontrol.o
 *fill*         0x0000000000112357        0x1 
 .rodata        0x0000000000112358       0x18 binaries/rfscontrol.o
 .rodata.str1.1
                0x0000000000000000       0x10 binaries/rfsinit.o
 .rodata.str1.4
                0x0000000000112370       0x57 binaries/rfsinit.o
 *fill*         0x00000000001123c7        0x1 
 .rodata.str1.4
                0x00000000001123c8       0x2a binaries/rfsndmsg.o
 .rodata.str1.4
                0x0000000000000000       0x22 binaries/rfsopen.o
 .rodata.str1.1
                0x00000000001123f2       0x19 binaries/arp.o
 *fill*         0x000000000011240b        0x1 
 .rodata.str1.4
                0x000000000011240c       0x21 binaries/arp.o
 *fill*         0x000000000011242d        0x3 
 .rodata.str1.4
                0x0000000000112430       0xa6 binaries/dhcp.o
 .rodata.str1.1
                0x00000000001124d6       0x4a binaries/dhcp.o
 .rodata.str1.1
                0x0000000000112520       0x5a binaries/hexdump.o
                                         0x61 (size before relaxing)
 *fill*         0x000000000011257a        0x2 
 .rodata.str1.4
                0x000000000011257c       0x67 binaries/hexdump.o
 *fill*         0x00000000001125e3        0x1 
 .rodata.str1.4
                0x00000000001125e4       0x29 binaries/icmp.o
 .rodata.str1.1
                0x000000000011260d       0x4e binaries/ip.o
 *fill*         0x000000000011265b        0x1 
 .rodata.str1.4
                0x000000000011265c       0x20 binaries/ip.o
 .rodata.str1.4
                0x000000000011267c       0x28 binaries/net.o
 .rodata.str1.1
                0x00000000001126a4       0x27 binaries/net.o
 *fill*         0x00000000001126cb        0x1 
 .rodata.str1.4
                0x00000000001126cc       0xcf binaries/netstart.o
 .rodata.str1.1
                0x000000000011279b      0x141 binaries/pdump.o
                                        0x14b (size before relaxing)
 .rodata.str1.4
                0x00000000001128dc      0x126 binaries/pdump.o
 *fill*         0x0000000000112a02        0x2 
 .rodata.str1.4
                0x0000000000112a04      0x148 binaries/tftp.o
 .rodata.str1.1
                0x0000000000112b4c        0x6 binaries/tftp.o
                                          0xa (size before relaxing)
 .rodata.str1.1
                0x0000000000112b52       0xd6 binaries/shell.o
                                         0xf2 (size before relaxing)
 .rodata.str1.4
                0x0000000000112c28      0x210 binaries/shell.o
 *fill*         0x0000000000112e38        0x8 
 .rodata        0x0000000000112e40      0x108 binaries/shell.o
                0x0000000000112e40                cmdtab
 .rodata.str1.1
                0x0000000000112f48       0x26 binaries/xsh_argecho.o
                                         0x28 (size before relaxing)
 .rodata.str1.1
                0x0000000000112f6e       0x70 binaries/xsh_arp.o
                                         0x72 (size before relaxing)
 *fill*         0x0000000000112fde        0x2 
 .rodata.str1.4
                0x0000000000112fe0       0xb4 binaries/xsh_arp.o
 .rodata.str1.1
                0x0000000000113094       0x2d binaries/xsh_cat.o
                                         0x4f (size before relaxing)
 *fill*         0x00000000001130c1        0x3 
 .rodata.str1.4
                0x00000000001130c4       0x52 binaries/xsh_cat.o
                                         0x79 (size before relaxing)
 .rodata.str1.1
                0x0000000000113116       0x15 binaries/xsh_clear.o
 .rodata.str1.1
                0x000000000011312b       0x46 binaries/xsh_date.o
                                         0x5f (size before relaxing)
 *fill*         0x0000000000113171        0x3 
 .rodata.str1.4
                0x0000000000113174      0x163 binaries/xsh_date.o
 .rodata.str1.1
                0x00000000001132d7       0x5d binaries/xsh_devdump.o
 .rodata.str1.1
                0x0000000000113334        0x4 binaries/xsh_echo.o
                                          0x9 (size before relaxing)
 .rodata.str1.1
                0x0000000000113338       0x65 binaries/xsh_help.o
                                         0xa3 (size before relaxing)
 *fill*         0x000000000011339d        0x3 
 .rodata.str1.4
                0x00000000001133a0       0x7c binaries/xsh_help.o
                                         0xc6 (size before relaxing)
 .rodata.str1.1
                0x000000000011341c       0x9c binaries/xsh_ipaddr.o
                                         0xf8 (size before relaxing)
 .rodata.str1.4
                0x00000000001134b8       0x4d binaries/xsh_ipaddr.o
                                         0x99 (size before relaxing)
 .rodata.str1.1
                0x0000000000113505       0x78 binaries/xsh_kill.o
                                         0x97 (size before relaxing)
 *fill*         0x000000000011357d        0x3 
 .rodata.str1.4
                0x0000000000113580       0x4a binaries/xsh_kill.o
                                         0x96 (size before relaxing)
 .rodata.str1.1
                0x00000000001135ca       0x84 binaries/xsh_memdump.o
                                         0xa8 (size before relaxing)
 *fill*         0x000000000011364e        0x2 
 .rodata.str1.4
                0x0000000000113650      0x15a binaries/xsh_memdump.o
                                        0x1aa (size before relaxing)
 .rodata.str1.1
                0x00000000001137aa       0x40 binaries/xsh_memstat.o
                                         0x79 (size before relaxing)
 *fill*         0x00000000001137ea        0x2 
 .rodata.str1.4
                0x00000000001137ec      0x187 binaries/xsh_memstat.o
                                        0x1af (size before relaxing)
 .rodata.str1.1
                0x0000000000113973       0x90 binaries/xsh_ping.o
                                         0xaf (size before relaxing)
 *fill*         0x0000000000113a03        0x1 
 .rodata.str1.4
                0x0000000000113a04       0x77 binaries/xsh_ping.o
                                         0xc6 (size before relaxing)
 .rodata.str1.1
                0x0000000000113a7b       0x74 binaries/xsh_ps.o
                                         0xd5 (size before relaxing)
 *fill*         0x0000000000113aef        0x1 
 .rodata.str1.4
                0x0000000000113af0       0x80 binaries/xsh_ps.o
                                         0xd0 (size before relaxing)
 *fill*         0x0000000000113b70       0x10 
 .rodata        0x0000000000113b80       0x20 binaries/xsh_ps.o
 .rodata.str1.4
                0x0000000000113ba0      0x461 binaries/xsh_ship.o
 .rodata.str1.1
                0x0000000000114001       0x31 binaries/xsh_sleep.o
                                         0x72 (size before relaxing)
 *fill*         0x0000000000114032        0x2 
 .rodata.str1.4
                0x0000000000114034       0x2a binaries/xsh_sleep.o
                                         0x7a (size before relaxing)
 .rodata.str1.1
                0x000000000011405e       0x6b binaries/xsh_udpdump.o
                                         0xd2 (size before relaxing)
 *fill*         0x00000000001140c9        0x3 
 .rodata.str1.4
                0x00000000001140cc       0x94 binaries/xsh_udpdump.o
                                         0xe4 (size before relaxing)
 .rodata.str1.1
                0x0000000000114160       0xdb binaries/xsh_udpecho.o
                                         0xfa (size before relaxing)
 *fill*         0x000000000011423b        0x1 
 .rodata.str1.4
                0x000000000011423c       0xc7 binaries/xsh_udpecho.o
                                        0x116 (size before relaxing)
 .rodata.str1.1
                0x0000000000114303       0x66 binaries/xsh_udpeserver.o
                                         0x8f (size before relaxing)
 *fill*         0x0000000000114369        0x3 
 .rodata.str1.4
                0x000000000011436c       0x29 binaries/xsh_udpeserver.o
                                         0x9f (size before relaxing)
 .rodata.str1.1
                0x0000000000114395       0x49 binaries/xsh_uptime.o
                                         0x8c (size before relaxing)
 *fill*         0x00000000001143de        0x2 
 .rodata.str1.4
                0x00000000001143e0       0x28 binaries/xsh_uptime.o
                                         0x76 (size before relaxing)
                0x0000000000114408                etext = ABSOLUTE (.)
                0x0000000000115000                . = ALIGN (0x1000)
 *fill*         0x0000000000114408      0xbf8 

.eh_frame       0x0000000000115000     0x3134
 .eh_frame      0x0000000000115000       0x48 binaries/ascdate.o
 .eh_frame      0x0000000000115048       0x20 binaries/bufinit.o
                                         0x38 (size before relaxing)
 .eh_frame      0x0000000000115068       0x2c binaries/chprio.o
                                         0x44 (size before relaxing)
 .eh_frame      0x0000000000115094       0x20 binaries/clkhandler.o
                                         0x38 (size before relaxing)
 .eh_frame      0x00000000001150b4       0x20 binaries/clkinit.o
                                         0x38 (size before relaxing)
 .eh_frame      0x00000000001150d4       0x28 binaries/close.o
                                         0x40 (size before relaxing)
 .eh_frame      0x00000000001150fc       0x28 binaries/control.o
                                         0x40 (size before relaxing)
 .eh_frame      0x0000000000115124       0x2c binaries/cpuintensive.o
                                         0x44 (size before relaxing)
 .eh_frame      0x0000000000115150       0x30 binaries/create.o
                                         0x48 (size before relaxing)
 .eh_frame      0x0000000000115180       0x94 binaries/early_imr.o
                                         0xac (size before relaxing)
 .eh_frame      0x0000000000115214       0x9c binaries/evec.o
                                         0xb4 (size before relaxing)
 .eh_frame      0x00000000001152b0       0x28 binaries/freebuf.o
                                         0x40 (size before relaxing)
 .eh_frame      0x00000000001152d8       0x2c binaries/freemem.o
                                         0x44 (size before relaxing)
 .eh_frame      0x0000000000115304       0x2c binaries/getbuf.o
                                         0x44 (size before relaxing)
 .eh_frame      0x0000000000115330       0x28 binaries/getc.o
                                         0x40 (size before relaxing)
 .eh_frame      0x0000000000115358       0x2c binaries/getdev.o
                                         0x44 (size before relaxing)
 .eh_frame      0x0000000000115384       0x64 binaries/getitem.o
                                         0x7c (size before relaxing)
 .eh_frame      0x00000000001153e8       0x28 binaries/getmem.o
                                         0x40 (size before relaxing)
 .eh_frame      0x0000000000115410       0x20 binaries/getpid.o
                                         0x38 (size before relaxing)
 .eh_frame      0x0000000000115430       0x24 binaries/getprio.o
                                         0x3c (size before relaxing)
 .eh_frame      0x0000000000115454       0x2c binaries/getstk.o
                                         0x44 (size before relaxing)
 .eh_frame      0x0000000000115480       0x20 binaries/gettime.o
                                         0x38 (size before relaxing)
 .eh_frame      0x00000000001154a0       0x28 binaries/getutime.o
                                         0x40 (size before relaxing)
 .eh_frame      0x00000000001154c8       0x28 binaries/init.o
                                         0x40 (size before relaxing)
 .eh_frame      0x00000000001154f0       0x5c binaries/initialize.o
                                         0x74 (size before relaxing)
 .eh_frame      0x000000000011554c       0x28 binaries/insert.o
                                         0x40 (size before relaxing)
 .eh_frame      0x0000000000115574       0x28 binaries/insertNI.o
                                         0x40 (size before relaxing)
 .eh_frame      0x000000000011559c       0x2c binaries/insertd.o
                                         0x44 (size before relaxing)
 .eh_frame      0x00000000001155c8       0x20 binaries/ioerr.o
                                         0x38 (size before relaxing)
 .eh_frame      0x00000000001155e8       0x2c binaries/iointensive.o
                                         0x44 (size before relaxing)
 .eh_frame      0x0000000000115614       0x20 binaries/ionull.o
                                         0x38 (size before relaxing)
 .eh_frame      0x0000000000115634       0x30 binaries/kill.o
                                         0x48 (size before relaxing)
 .eh_frame      0x0000000000115664       0x80 binaries/kprintf.o
                                         0x98 (size before relaxing)
 .eh_frame      0x00000000001156e4       0x20 binaries/lab0app1.o
                                         0x38 (size before relaxing)
 .eh_frame      0x0000000000115704       0x20 binaries/lab0app2.o
                                         0x38 (size before relaxing)
 .eh_frame      0x0000000000115724       0x1c binaries/main.o
                                         0x34 (size before relaxing)
 .eh_frame      0x0000000000115740       0x44 binaries/mark.o
                                         0x5c (size before relaxing)
 .eh_frame      0x0000000000115784       0x50 binaries/meminit.o
                                         0x68 (size before relaxing)
 .eh_frame      0x00000000001157d4       0x30 binaries/mkbufpool.o
                                         0x48 (size before relaxing)
 .eh_frame      0x0000000000115804       0x40 binaries/myattacker.o
                                         0x58 (size before relaxing)
 .eh_frame      0x0000000000115844       0x60 binaries/myvictim.o
                                         0x78 (size before relaxing)
 .eh_frame      0x00000000001158a4       0x20 binaries/newqueue.o
                                         0x38 (size before relaxing)
 .eh_frame      0x00000000001158c4       0x28 binaries/open.o
                                         0x40 (size before relaxing)
 .eh_frame      0x00000000001158ec       0x1c binaries/panic.o
                                         0x34 (size before relaxing)
 .eh_frame      0x0000000000115908      0x12c binaries/pci.o
                                        0x144 (size before relaxing)
 .eh_frame      0x0000000000115a34       0x20 binaries/platinit.o
                                         0x38 (size before relaxing)
 .eh_frame      0x0000000000115a54       0x2c binaries/printloop.o
                                         0x44 (size before relaxing)
 .eh_frame      0x0000000000115a80       0x20 binaries/printnoloop.o
                                         0x38 (size before relaxing)
 .eh_frame      0x0000000000115aa0       0x20 binaries/printsegaddress.o
                                         0x38 (size before relaxing)
 .eh_frame      0x0000000000115ac0       0x2c binaries/ptclear.o
                                         0x44 (size before relaxing)
 .eh_frame      0x0000000000115aec       0x2c binaries/ptcount.o
                                         0x44 (size before relaxing)
 .eh_frame      0x0000000000115b18       0x2c binaries/ptcreate.o
                                         0x44 (size before relaxing)
 .eh_frame      0x0000000000115b44       0x28 binaries/ptdelete.o
                                         0x40 (size before relaxing)
 .eh_frame      0x0000000000115b6c       0x28 binaries/ptinit.o
                                         0x40 (size before relaxing)
 .eh_frame      0x0000000000115b94       0x2c binaries/ptrecv.o
                                         0x44 (size before relaxing)
 .eh_frame      0x0000000000115bc0       0x28 binaries/ptreset.o
                                         0x40 (size before relaxing)
 .eh_frame      0x0000000000115be8       0x2c binaries/ptsend.o
                                         0x44 (size before relaxing)
 .eh_frame      0x0000000000115c14       0x2c binaries/putc.o
                                         0x44 (size before relaxing)
 .eh_frame      0x0000000000115c40       0x24 binaries/quark_irq.o
                                         0x3c (size before relaxing)
 .eh_frame      0x0000000000115c64       0x54 binaries/quark_pdat.o
                                         0x6c (size before relaxing)
 .eh_frame      0x0000000000115cb8       0x40 binaries/queue.o
                                         0x58 (size before relaxing)
 .eh_frame      0x0000000000115cf8       0x28 binaries/read.o
                                         0x40 (size before relaxing)
 .eh_frame      0x0000000000115d20       0x20 binaries/ready.o
                                         0x38 (size before relaxing)
 .eh_frame      0x0000000000115d40       0x2c binaries/receive.o
                                         0x44 (size before relaxing)
 .eh_frame      0x0000000000115d6c       0x24 binaries/recvclr.o
                                         0x3c (size before relaxing)
 .eh_frame      0x0000000000115d90       0x2c binaries/recvtime.o
                                         0x44 (size before relaxing)
 .eh_frame      0x0000000000115dbc       0x4c binaries/resched.o
                                         0x64 (size before relaxing)
 .eh_frame      0x0000000000115e08       0x2c binaries/resume.o
                                         0x44 (size before relaxing)
 .eh_frame      0x0000000000115e34       0x28 binaries/seek.o
                                         0x40 (size before relaxing)
 .eh_frame      0x0000000000115e5c       0x24 binaries/semcount.o
                                         0x3c (size before relaxing)
 .eh_frame      0x0000000000115e80       0x2c binaries/semcreate.o
                                         0x44 (size before relaxing)
 .eh_frame      0x0000000000115eac       0x28 binaries/semdelete.o
                                         0x40 (size before relaxing)
 .eh_frame      0x0000000000115ed4       0x2c binaries/semreset.o
                                         0x44 (size before relaxing)
 .eh_frame      0x0000000000115f00       0x28 binaries/send.o
                                         0x40 (size before relaxing)
 .eh_frame      0x0000000000115f28       0x28 binaries/signal.o
                                         0x40 (size before relaxing)
 .eh_frame      0x0000000000115f50       0x2c binaries/signaln.o
                                         0x44 (size before relaxing)
 .eh_frame      0x0000000000115f7c       0x48 binaries/sleep.o
                                         0x60 (size before relaxing)
 .eh_frame      0x0000000000115fc4       0x2c binaries/stackdepth.o
                                         0x44 (size before relaxing)
 .eh_frame      0x0000000000115ff0       0x30 binaries/stacktrace.o
                                         0x48 (size before relaxing)
 .eh_frame      0x0000000000116020       0x2c binaries/suspend.o
                                         0x44 (size before relaxing)
 .eh_frame      0x000000000011604c       0x28 binaries/unsleep.o
                                         0x40 (size before relaxing)
 .eh_frame      0x0000000000116074       0x20 binaries/userret.o
                                         0x38 (size before relaxing)
 .eh_frame      0x0000000000116094       0x28 binaries/wait.o
                                         0x40 (size before relaxing)
 .eh_frame      0x00000000001160bc       0x20 binaries/wakeup.o
                                         0x38 (size before relaxing)
 .eh_frame      0x00000000001160dc       0x28 binaries/write.o
                                         0x40 (size before relaxing)
 .eh_frame      0x0000000000116104       0x20 binaries/xdone.o
                                         0x38 (size before relaxing)
 .eh_frame      0x0000000000116124       0x24 binaries/yield.o
                                         0x3c (size before relaxing)
 .eh_frame      0x0000000000116148       0x20 binaries/abs.o
                                         0x38 (size before relaxing)
 .eh_frame      0x0000000000116168       0x28 binaries/atoi.o
                                         0x40 (size before relaxing)
 .eh_frame      0x0000000000116190       0x28 binaries/atol.o
                                         0x40 (size before relaxing)
 .eh_frame      0x00000000001161b8       0x20 binaries/bzero.o
                                         0x38 (size before relaxing)
 .eh_frame      0x00000000001161d8       0xac binaries/doprnt.o
                                         0xc4 (size before relaxing)
 .eh_frame      0x0000000000116284       0x30 binaries/doscan.o
                                         0x48 (size before relaxing)
 .eh_frame      0x00000000001162b4       0x5c binaries/fdoprnt.o
                                         0x74 (size before relaxing)
 .eh_frame      0x0000000000116310       0x20 binaries/fgetc.o
                                         0x38 (size before relaxing)
 .eh_frame      0x0000000000116330       0x2c binaries/fgets.o
                                         0x44 (size before relaxing)
 .eh_frame      0x000000000011635c       0x20 binaries/fprintf.o
                                         0x38 (size before relaxing)
 .eh_frame      0x000000000011637c       0x20 binaries/fputc.o
                                         0x38 (size before relaxing)
 .eh_frame      0x000000000011639c       0x28 binaries/fputs.o
                                         0x40 (size before relaxing)
 .eh_frame      0x00000000001163c4       0x64 binaries/fscanf.o
                                         0x7c (size before relaxing)
 .eh_frame      0x0000000000116428       0x20 binaries/getchar.o
                                         0x38 (size before relaxing)
 .eh_frame      0x0000000000116448       0x20 binaries/labs.o
                                         0x38 (size before relaxing)
 .eh_frame      0x0000000000116468       0x20 binaries/memchr.o
                                         0x38 (size before relaxing)
 .eh_frame      0x0000000000116488       0x28 binaries/memcmp.o
                                         0x40 (size before relaxing)
 .eh_frame      0x00000000001164b0       0x28 binaries/memcpy.o
                                         0x40 (size before relaxing)
 .eh_frame      0x00000000001164d8       0x24 binaries/memset.o
                                         0x3c (size before relaxing)
 .eh_frame      0x00000000001164fc       0x20 binaries/printf.o
                                         0x38 (size before relaxing)
 .eh_frame      0x000000000011651c       0x20 binaries/putchar.o
                                         0x38 (size before relaxing)
 .eh_frame      0x000000000011653c       0xa4 binaries/qsort.o
                                         0xbc (size before relaxing)
 .eh_frame      0x00000000001165e0       0x40 binaries/rand.o
                                         0x58 (size before relaxing)
 .eh_frame      0x0000000000116620       0x48 binaries/sprintf.o
                                         0x60 (size before relaxing)
 .eh_frame      0x0000000000116668       0x60 binaries/sscanf.o
                                         0x78 (size before relaxing)
 .eh_frame      0x00000000001166c8       0x24 binaries/strchr.o
                                         0x3c (size before relaxing)
 .eh_frame      0x00000000001166ec       0x24 binaries/strcmp.o
                                         0x3c (size before relaxing)
 .eh_frame      0x0000000000116710       0x20 binaries/strcpy.o
                                         0x38 (size before relaxing)
 .eh_frame      0x0000000000116730       0x20 binaries/strlen.o
                                         0x38 (size before relaxing)
 .eh_frame      0x0000000000116750       0x2c binaries/strncat.o
                                         0x44 (size before relaxing)
 .eh_frame      0x000000000011677c       0x24 binaries/strncmp.o
                                         0x3c (size before relaxing)
 .eh_frame      0x00000000001167a0       0x2c binaries/strncpy.o
                                         0x44 (size before relaxing)
 .eh_frame      0x00000000001167cc       0x20 binaries/strnlen.o
                                         0x38 (size before relaxing)
 .eh_frame      0x00000000001167ec       0x24 binaries/strrchr.o
                                         0x3c (size before relaxing)
 .eh_frame      0x0000000000116810       0x2c binaries/strstr.o
                                         0x44 (size before relaxing)
 .eh_frame      0x000000000011683c       0x28 binaries/ttycontrol.o
                                         0x40 (size before relaxing)
 .eh_frame      0x0000000000116864       0x28 binaries/ttygetc.o
                                         0x40 (size before relaxing)
 .eh_frame      0x000000000011688c       0x84 binaries/ttyhandle_in.o
                                         0x9c (size before relaxing)
 .eh_frame      0x0000000000116910       0x30 binaries/ttyhandle_out.o
                                         0x48 (size before relaxing)
 .eh_frame      0x0000000000116940       0x28 binaries/ttyhandler.o
                                         0x40 (size before relaxing)
 .eh_frame      0x0000000000116968       0x2c binaries/ttyinit.o
                                         0x44 (size before relaxing)
 .eh_frame      0x0000000000116994       0x20 binaries/ttykickout.o
                                         0x38 (size before relaxing)
 .eh_frame      0x00000000001169b4       0x2c binaries/ttyputc.o
                                         0x44 (size before relaxing)
 .eh_frame      0x00000000001169e0       0x2c binaries/ttyread.o
                                         0x44 (size before relaxing)
 .eh_frame      0x0000000000116a0c       0x2c binaries/ttywrite.o
                                         0x44 (size before relaxing)
 .eh_frame      0x0000000000116a38       0x4c binaries/mount.o
                                         0x64 (size before relaxing)
 .eh_frame      0x0000000000116a84       0x30 binaries/naminit.o
                                         0x48 (size before relaxing)
 .eh_frame      0x0000000000116ab4       0x84 binaries/nammap.o
                                         0x9c (size before relaxing)
 .eh_frame      0x0000000000116b38       0x20 binaries/namopen.o
                                         0x38 (size before relaxing)
 .eh_frame      0x0000000000116b58       0x2c binaries/colon2mac.o
                                         0x44 (size before relaxing)
 .eh_frame      0x0000000000116b84       0x20 binaries/ethcontrol.o
                                         0x38 (size before relaxing)
 .eh_frame      0x0000000000116ba4       0x2c binaries/ethhandler.o
                                         0x44 (size before relaxing)
 .eh_frame      0x0000000000116bd0       0x98 binaries/ethinit.o
                                         0xb0 (size before relaxing)
 .eh_frame      0x0000000000116c68       0x54 binaries/ethmcast.o
                                         0x6c (size before relaxing)
 .eh_frame      0x0000000000116cbc       0x30 binaries/ethread.o
                                         0x48 (size before relaxing)
 .eh_frame      0x0000000000116cec       0x2c binaries/ethwrite.o
                                         0x44 (size before relaxing)
 .eh_frame      0x0000000000116d18       0x24 binaries/rdsbufalloc.o
                                         0x3c (size before relaxing)
 .eh_frame      0x0000000000116d3c       0x2c binaries/rdsclose.o
                                         0x44 (size before relaxing)
 .eh_frame      0x0000000000116d68       0x30 binaries/rdscomm.o
                                         0x48 (size before relaxing)
 .eh_frame      0x0000000000116d98       0x2c binaries/rdscontrol.o
                                         0x44 (size before relaxing)
 .eh_frame      0x0000000000116dc4       0x30 binaries/rdsinit.o
                                         0x48 (size before relaxing)
 .eh_frame      0x0000000000116df4       0x30 binaries/rdsopen.o
                                         0x48 (size before relaxing)
 .eh_frame      0x0000000000116e24       0x20 binaries/rdsprocess.o
                                         0x38 (size before relaxing)
 .eh_frame      0x0000000000116e44       0x30 binaries/rdsread.o
                                         0x48 (size before relaxing)
 .eh_frame      0x0000000000116e74       0x30 binaries/rdswrite.o
                                         0x48 (size before relaxing)
 .eh_frame      0x0000000000116ea4       0x20 binaries/ramclose.o
                                         0x38 (size before relaxing)
 .eh_frame      0x0000000000116ec4       0x20 binaries/raminit.o
                                         0x38 (size before relaxing)
 .eh_frame      0x0000000000116ee4       0x20 binaries/ramopen.o
                                         0x38 (size before relaxing)
 .eh_frame      0x0000000000116f04       0x20 binaries/ramread.o
                                         0x38 (size before relaxing)
 .eh_frame      0x0000000000116f24       0x20 binaries/ramwrite.o
                                         0x38 (size before relaxing)
 .eh_frame      0x0000000000116f44       0x28 binaries/lfdballoc.o
                                         0x40 (size before relaxing)
 .eh_frame      0x0000000000116f6c       0x24 binaries/lfdbfree.o
                                         0x3c (size before relaxing)
 .eh_frame      0x0000000000116f90       0x24 binaries/lfflush.o
                                         0x3c (size before relaxing)
 .eh_frame      0x0000000000116fb4       0x20 binaries/lfgetmode.o
                                         0x38 (size before relaxing)
 .eh_frame      0x0000000000116fd4       0x24 binaries/lfiballoc.o
                                         0x3c (size before relaxing)
 .eh_frame      0x0000000000116ff8       0x20 binaries/lfibclear.o
                                         0x38 (size before relaxing)
 .eh_frame      0x0000000000117018       0x2c binaries/lfibget.o
                                         0x44 (size before relaxing)
 .eh_frame      0x0000000000117044       0x2c binaries/lfibput.o
                                         0x44 (size before relaxing)
 .eh_frame      0x0000000000117070       0x28 binaries/lflclose.o
                                         0x40 (size before relaxing)
 .eh_frame      0x0000000000117098       0x28 binaries/lflcontrol.o
                                         0x40 (size before relaxing)
 .eh_frame      0x00000000001170c0       0x28 binaries/lflgetc.o
                                         0x40 (size before relaxing)
 .eh_frame      0x00000000001170e8       0x24 binaries/lflinit.o
                                         0x3c (size before relaxing)
 .eh_frame      0x000000000011710c       0x2c binaries/lflputc.o
                                         0x44 (size before relaxing)
 .eh_frame      0x0000000000117138       0x2c binaries/lflread.o
                                         0x44 (size before relaxing)
 .eh_frame      0x0000000000117164       0x2c binaries/lflseek.o
                                         0x44 (size before relaxing)
 .eh_frame      0x0000000000117190       0x2c binaries/lflwrite.o
                                         0x44 (size before relaxing)
 .eh_frame      0x00000000001171bc       0x30 binaries/lfsckfmt.o
                                         0x48 (size before relaxing)
 .eh_frame      0x00000000001171ec       0x30 binaries/lfscreate.o
                                         0x48 (size before relaxing)
 .eh_frame      0x000000000011721c       0x30 binaries/lfsetup.o
                                         0x48 (size before relaxing)
 .eh_frame      0x000000000011724c       0x20 binaries/lfsinit.o
                                         0x38 (size before relaxing)
 .eh_frame      0x000000000011726c       0x30 binaries/lfsopen.o
                                         0x48 (size before relaxing)
 .eh_frame      0x000000000011729c       0x30 binaries/lftruncate.o
                                         0x48 (size before relaxing)
[...]
 .comment       0x0000000000000000       0x2b binaries/xsh_devdump.o
 .comment       0x0000000000000000       0x2b binaries/xsh_echo.o
 .comment       0x0000000000000000       0x2b binaries/xsh_exit.o
 .comment       0x0000000000000000       0x2b binaries/xsh_help.o
 .comment       0x0000000000000000       0x2b binaries/xsh_ipaddr.o
 .comment       0x0000000000000000       0x2b binaries/xsh_kill.o
 .comment       0x0000000000000000       0x2b binaries/xsh_memdump.o
 .comment       0x0000000000000000       0x2b binaries/xsh_memstat.o
 .comment       0x0000000000000000       0x2b binaries/xsh_ping.o
 .comment       0x0000000000000000       0x2b binaries/xsh_ps.o
 .comment       0x0000000000000000       0x2b binaries/xsh_ship.o
 .comment       0x0000000000000000       0x2b binaries/xsh_sleep.o
 .comment       0x0000000000000000       0x2b binaries/xsh_udpdump.o
 .comment       0x0000000000000000       0x2b binaries/xsh_udpecho.o
 .comment       0x0000000000000000       0x2b binaries/xsh_udpeserver.o
 .comment       0x0000000000000000       0x2b binaries/xsh_uptime.o

.note.GNU-stack
                0x0000000000000000        0x0
 .note.GNU-stack
                0x0000000000000000        0x0 binaries/ascdate.o
 .note.GNU-stack
                0x0000000000000000        0x0 binaries/bufinit.o
 .note.GNU-stack
                0x0000000000000000        0x0 binaries/chprio.o
 .note.GNU-stack
                0x0000000000000000        0x0 binaries/clkhandler.o
 .note.GNU-stack
                0x0000000000000000        0x0 binaries/clkinit.o
 .note.GNU-stack
                0x0000000000000000        0x0 binaries/close.o
 .note.GNU-stack
                0x0000000000000000        0x0 binaries/conf.o
 .note.GNU-stack
                0x0000000000000000        0x0 binaries/control.o
 .note.GNU-stack
                0x0000000000000000        0x0 binaries/cpuintensive.o
 .note.GNU-stack
                0x0000000000000000        0x0 binaries/create.o
 .note.GNU-stack
                0x0000000000000000        0x0 binaries/early_imr.o
 .note.GNU-stack
                0x0000000000000000        0x0 binaries/evec.o
 .note.GNU-stack
                0x0000000000000000        0x0 binaries/freebuf.o
 .note.GNU-stack
                0x0000000000000000        0x0 binaries/freemem.o
 .note.GNU-stack
                0x0000000000000000        0x0 binaries/getbuf.o
 .note.GNU-stack
                0x0000000000000000        0x0 binaries/getc.o
 .note.GNU-stack
                0x0000000000000000        0x0 binaries/getdev.o
 .note.GNU-stack
                0x0000000000000000        0x0 binaries/getitem.o
 .note.GNU-stack
                0x0000000000000000        0x0 binaries/getmem.o
 .note.GNU-stack
                0x0000000000000000        0x0 binaries/getpid.o
 .note.GNU-stack
                0x0000000000000000        0x0 binaries/getprio.o
 .note.GNU-stack
                0x0000000000000000        0x0 binaries/getstk.o
 .note.GNU-stack
                0x0000000000000000        0x0 binaries/gettime.o
 .note.GNU-stack
                0x0000000000000000        0x0 binaries/getutime.o
 .note.GNU-stack
                0x0000000000000000        0x0 binaries/init.o
 .note.GNU-stack
                0x0000000000000000        0x0 binaries/initialize.o
 .note.GNU-stack
                0x0000000000000000        0x0 binaries/insert.o
 .note.GNU-stack
                0x0000000000000000        0x0 binaries/insertNI.o
 .note.GNU-stack
                0x0000000000000000        0x0 binaries/insertd.o
 .note.GNU-stack
                0x0000000000000000        0x0 binaries/ioerr.o
 .note.GNU-stack
                0x0000000000000000        0x0 binaries/iointensive.o
 .note.GNU-stack
                0x0000000000000000        0x0 binaries/ionull.o
 .note.GNU-stack
                0x0000000000000000        0x0 binaries/kill.o
 .note.GNU-stack
                0x0000000000000000        0x0 binaries/kprintf.o
 .note.GNU-stack
                0x0000000000000000        0x0 binaries/lab0app1.o
 .note.GNU-stack
                0x0000000000000000        0x0 binaries/lab0app2.o
 .note.GNU-stack
                0x0000000000000000        0x0 binaries/main.o
 .note.GNU-stack
                0x0000000000000000        0x0 binaries/mark.o
 .note.GNU-stack
                0x0000000000000000        0x0 binaries/meminit.o
 .note.GNU-stack
                0x0000000000000000        0x0 binaries/mkbufpool.o
 .note.GNU-stack
                0x0000000000000000        0x0 binaries/myattacker.o
 .note.GNU-stack
                0x0000000000000000        0x0 binaries/myvictim.o
 .note.GNU-stack
                0x0000000000000000        0x0 binaries/newqueue.o
 .note.GNU-stack
                0x0000000000000000        0x0 binaries/open.o
 .note.GNU-stack
                0x0000000000000000        0x0 binaries/panic.o
 .note.GNU-stack
                0x0000000000000000        0x0 binaries/pci.o
 .note.GNU-stack
                0x0000000000000000        0x0 binaries/platinit.o
 .note.GNU-stack
                0x0000000000000000        0x0 binaries/printloop.o
 .note.GNU-stack
                0x0000000000000000        0x0 binaries/printnoloop.o
 .note.GNU-stack
                0x0000000000000000        0x0 binaries/printsegaddress.o
 .note.GNU-stack
                0x0000000000000000        0x0 binaries/ptclear.o
 .note.GNU-stack
                0x0000000000000000        0x0 binaries/ptcount.o
 .note.GNU-stack
                0x0000000000000000        0x0 binaries/ptcreate.o
 .note.GNU-stack
                0x0000000000000000        0x0 binaries/ptdelete.o
 .note.GNU-stack
                0x0000000000000000        0x0 binaries/ptinit.o
 .note.GNU-stack
                0x0000000000000000        0x0 binaries/ptrecv.o
 .note.GNU-stack
                0x0000000000000000        0x0 binaries/ptreset.o
 .note.GNU-stack
                0x0000000000000000        0x0 binaries/ptsend.o
 .note.GNU-stack
                0x0000000000000000        0x0 binaries/putc.o
 .note.GNU-stack
                0x0000000000000000        0x0 binaries/quark_irq.o
 .note.GNU-stack
                0x0000000000000000        0x0 binaries/quark_pdat.o
 .note.GNU-stack
                0x0000000000000000        0x0 binaries/queue.o
 .note.GNU-stack
                0x0000000000000000        0x0 binaries/read.o
 .note.GNU-stack
                0x0000000000000000        0x0 binaries/ready.o
 .note.GNU-stack
                0x0000000000000000        0x0 binaries/receive.o
 .note.GNU-stack
                0x0000000000000000        0x0 binaries/recvclr.o
 .note.GNU-stack
                0x0000000000000000        0x0 binaries/recvtime.o
 .note.GNU-stack
                0x0000000000000000        0x0 binaries/resched.o
 .note.GNU-stack
                0x0000000000000000        0x0 binaries/resume.o
 .note.GNU-stack
                0x0000000000000000        0x0 binaries/seek.o
 .note.GNU-stack
                0x0000000000000000        0x0 binaries/semcount.o
 .note.GNU-stack
                0x0000000000000000        0x0 binaries/semcreate.o
 .note.GNU-stack
                0x0000000000000000        0x0 binaries/semdelete.o
 .note.GNU-stack
                0x0000000000000000        0x0 binaries/semreset.o
 .note.GNU-stack
                0x0000000000000000        0x0 binaries/send.o
 .note.GNU-stack
                0x0000000000000000        0x0 binaries/signal.o
 .note.GNU-stack
                0x0000000000000000        0x0 binaries/signaln.o
 .note.GNU-stack
                0x0000000000000000        0x0 binaries/sleep.o
 .note.GNU-stack
                0x0000000000000000        0x0 binaries/stackdepth.o
 .note.GNU-stack
                0x0000000000000000        0x0 binaries/stacktrace.o
 .note.GNU-stack
                0x0000000000000000        0x0 binaries/suspend.o
 .note.GNU-stack
                0x0000000000000000        0x0 binaries/unsleep.o
 .note.GNU-stack
                0x0000000000000000        0x0 binaries/userret.o
 .note.GNU-stack
                0x0000000000000000        0x0 binaries/wait.o
 .note.GNU-stack
                0x0000000000000000        0x0 binaries/wakeup.o
 .note.GNU-stack
                0x0000000000000000        0x0 binaries/write.o
 .note.GNU-stack
                0x0000000000000000        0x0 binaries/xdone.o
 .note.GNU-stack
                0x0000000000000000        0x0 binaries/yield.o
 .note.GNU-stack
                0x0000000000000000        0x0 binaries/abs.o
 .note.GNU-stack
                0x0000000000000000        0x0 binaries/atoi.o
 .note.GNU-stack
                0x0000000000000000        0x0 binaries/atol.o
 .note.GNU-stack
                0x0000000000000000        0x0 binaries/bzero.o
 .note.GNU-stack
                0x0000000000000000        0x0 binaries/ctype_.o
 .note.GNU-stack
                0x0000000000000000        0x0 binaries/doprnt.o
 .note.GNU-stack
                0x0000000000000000        0x0 binaries/doscan.o
 .note.GNU-stack
                0x0000000000000000        0x0 binaries/fdoprnt.o
 .note.GNU-stack
                0x0000000000000000        0x0 binaries/fgetc.o
 .note.GNU-stack
                0x0000000000000000        0x0 binaries/fgets.o
 .note.GNU-stack
                0x0000000000000000        0x0 binaries/fprintf.o
 .note.GNU-stack
                0x0000000000000000        0x0 binaries/fputc.o
 .note.GNU-stack
                0x0000000000000000        0x0 binaries/fputs.o
 .note.GNU-stack
                0x0000000000000000        0x0 binaries/fscanf.o
 .note.GNU-stack
                0x0000000000000000        0x0 binaries/getchar.o
 .note.GNU-stack
                0x0000000000000000        0x0 binaries/labs.o
 .note.GNU-stack
                0x0000000000000000        0x0 binaries/memchr.o
 .note.GNU-stack
                0x0000000000000000        0x0 binaries/memcmp.o
 .note.GNU-stack
                0x0000000000000000        0x0 binaries/memcpy.o
 .note.GNU-stack
                0x0000000000000000        0x0 binaries/memset.o
 .note.GNU-stack
                0x0000000000000000        0x0 binaries/printf.o
 .note.GNU-stack
                0x0000000000000000        0x0 binaries/putchar.o
 .note.GNU-stack
                0x0000000000000000        0x0 binaries/qsort.o
 .note.GNU-stack
                0x0000000000000000        0x0 binaries/rand.o
 .note.GNU-stack
                0x0000000000000000        0x0 binaries/sprintf.o
 .note.GNU-stack
                0x0000000000000000        0x0 binaries/sscanf.o
 .note.GNU-stack
                0x0000000000000000        0x0 binaries/strchr.o
 .note.GNU-stack
                0x0000000000000000        0x0 binaries/strcmp.o
 .note.GNU-stack
                0x0000000000000000        0x0 binaries/strcpy.o
 .note.GNU-stack
                0x0000000000000000        0x0 binaries/strlen.o
 .note.GNU-stack
                0x0000000000000000        0x0 binaries/strncat.o
 .note.GNU-stack
                0x0000000000000000        0x0 binaries/strncmp.o
 .note.GNU-stack
                0x0000000000000000        0x0 binaries/strncpy.o
 .note.GNU-stack
                0x0000000000000000        0x0 binaries/strnlen.o
 .note.GNU-stack
                0x0000000000000000        0x0 binaries/strrchr.o
 .note.GNU-stack
                0x0000000000000000        0x0 binaries/strstr.o
 .note.GNU-stack
                0x0000000000000000        0x0 binaries/ttycontrol.o
 .note.GNU-stack
                0x0000000000000000        0x0 binaries/ttygetc.o
 .note.GNU-stack
                0x0000000000000000        0x0 binaries/ttyhandle_in.o
 .note.GNU-stack
                0x0000000000000000        0x0 binaries/ttyhandle_out.o
 .note.GNU-stack
                0x0000000000000000        0x0 binaries/ttyhandler.o
 .note.GNU-stack
                0x0000000000000000        0x0 binaries/ttyinit.o
 .note.GNU-stack
                0x0000000000000000        0x0 binaries/ttykickout.o
 .note.GNU-stack
                0x0000000000000000        0x0 binaries/ttyputc.o
 .note.GNU-stack
                0x0000000000000000        0x0 binaries/ttyread.o
 .note.GNU-stack
                0x0000000000000000        0x0 binaries/ttywrite.o
 .note.GNU-stack
                0x0000000000000000        0x0 binaries/mount.o
 .note.GNU-stack
                0x0000000000000000        0x0 binaries/naminit.o
 .note.GNU-stack
                0x0000000000000000        0x0 binaries/nammap.o
 .note.GNU-stack
                0x0000000000000000        0x0 binaries/namopen.o
 .note.GNU-stack
                0x0000000000000000        0x0 binaries/colon2mac.o
 .note.GNU-stack
                0x0000000000000000        0x0 binaries/ethcontrol.o
 .note.GNU-stack
                0x0000000000000000        0x0 binaries/ethhandler.o
 .note.GNU-stack
                0x0000000000000000        0x0 binaries/ethinit.o
 .note.GNU-stack
                0x0000000000000000        0x0 binaries/ethmcast.o
 .note.GNU-stack
                0x0000000000000000        0x0 binaries/ethread.o
 .note.GNU-stack
                0x0000000000000000        0x0 binaries/ethwrite.o
 .note.GNU-stack
                0x0000000000000000        0x0 binaries/rdsbufalloc.o
 .note.GNU-stack
                0x0000000000000000        0x0 binaries/rdsclose.o
 .note.GNU-stack
                0x0000000000000000        0x0 binaries/rdscomm.o
 .note.GNU-stack
                0x0000000000000000        0x0 binaries/rdscontrol.o
 .note.GNU-stack
                0x0000000000000000        0x0 binaries/rdsinit.o
 .note.GNU-stack
                0x0000000000000000        0x0 binaries/rdsopen.o
 .note.GNU-stack
                0x0000000000000000        0x0 binaries/rdsprocess.o
 .note.GNU-stack
                0x0000000000000000        0x0 binaries/rdsread.o
 .note.GNU-stack
                0x0000000000000000        0x0 binaries/rdswrite.o
 .note.GNU-stack
                0x0000000000000000        0x0 binaries/ramclose.o
 .note.GNU-stack
                0x0000000000000000        0x0 binaries/raminit.o
 .note.GNU-stack
                0x0000000000000000        0x0 binaries/ramopen.o
 .note.GNU-stack
                0x0000000000000000        0x0 binaries/ramread.o
 .note.GNU-stack
                0x0000000000000000        0x0 binaries/ramwrite.o
 .note.GNU-stack
                0x0000000000000000        0x0 binaries/lfdballoc.o
 .note.GNU-stack
                0x0000000000000000        0x0 binaries/lfdbfree.o
 .note.GNU-stack
                0x0000000000000000        0x0 binaries/lfflush.o
 .note.GNU-stack
                0x0000000000000000        0x0 binaries/lfgetmode.o
 .note.GNU-stack
                0x0000000000000000        0x0 binaries/lfiballoc.o
 .note.GNU-stack
                0x0000000000000000        0x0 binaries/lfibclear.o
 .note.GNU-stack
                0x0000000000000000        0x0 binaries/lfibget.o
 .note.GNU-stack
                0x0000000000000000        0x0 binaries/lfibput.o
 .note.GNU-stack
                0x0000000000000000        0x0 binaries/lflclose.o
 .note.GNU-stack
                0x0000000000000000        0x0 binaries/lflcontrol.o
 .note.GNU-stack
                0x0000000000000000        0x0 binaries/lflgetc.o
 .note.GNU-stack
                0x0000000000000000        0x0 binaries/lflinit.o
 .note.GNU-stack
                0x0000000000000000        0x0 binaries/lflputc.o
 .note.GNU-stack
                0x0000000000000000        0x0 binaries/lflread.o
 .note.GNU-stack
                0x0000000000000000        0x0 binaries/lflseek.o
 .note.GNU-stack
                0x0000000000000000        0x0 binaries/lflwrite.o
 .note.GNU-stack
                0x0000000000000000        0x0 binaries/lfsckfmt.o
 .note.GNU-stack
                0x0000000000000000        0x0 binaries/lfscreate.o
 .note.GNU-stack
                0x0000000000000000        0x0 binaries/lfsetup.o
 .note.GNU-stack
                0x0000000000000000        0x0 binaries/lfsinit.o
 .note.GNU-stack
                0x0000000000000000        0x0 binaries/lfsopen.o
 .note.GNU-stack
                0x0000000000000000        0x0 binaries/lftruncate.o
 .note.GNU-stack
                0x0000000000000000        0x0 binaries/rflclose.o
 .note.GNU-stack
                0x0000000000000000        0x0 binaries/rflgetc.o
 .note.GNU-stack
                0x0000000000000000        0x0 binaries/rflinit.o
 .note.GNU-stack
                0x0000000000000000        0x0 binaries/rflputc.o
 .note.GNU-stack
                0x0000000000000000        0x0 binaries/rflread.o
 .note.GNU-stack
                0x0000000000000000        0x0 binaries/rflseek.o
 .note.GNU-stack
                0x0000000000000000        0x0 binaries/rflwrite.o
 .note.GNU-stack
                0x0000000000000000        0x0 binaries/rfscomm.o
 .note.GNU-stack
                0x0000000000000000        0x0 binaries/rfscontrol.o
 .note.GNU-stack
                0x0000000000000000        0x0 binaries/rfsgetmode.o
 .note.GNU-stack
                0x0000000000000000        0x0 binaries/rfsinit.o
 .note.GNU-stack
                0x0000000000000000        0x0 binaries/rfsndmsg.o
 .note.GNU-stack
                0x0000000000000000        0x0 binaries/rfsopen.o
 .note.GNU-stack
                0x0000000000000000        0x0 binaries/arp.o
 .note.GNU-stack
                0x0000000000000000        0x0 binaries/dhcp.o
 .note.GNU-stack
                0x0000000000000000        0x0 binaries/dot2ip.o
 .note.GNU-stack
                0x0000000000000000        0x0 binaries/hexdump.o
 .note.GNU-stack
                0x0000000000000000        0x0 binaries/icmp.o
 .note.GNU-stack
                0x0000000000000000        0x0 binaries/ip.o
 .note.GNU-stack
                0x0000000000000000        0x0 binaries/net.o
 .note.GNU-stack
                0x0000000000000000        0x0 binaries/netstart.o
 .note.GNU-stack
                0x0000000000000000        0x0 binaries/pdump.o
 .note.GNU-stack
                0x0000000000000000        0x0 binaries/tftp.o
 .note.GNU-stack
                0x0000000000000000        0x0 binaries/udp.o
 .note.GNU-stack
                0x0000000000000000        0x0 binaries/addargs.o
 .note.GNU-stack
                0x0000000000000000        0x0 binaries/lexan.o
 .note.GNU-stack
                0x0000000000000000        0x0 binaries/shell.o
 .note.GNU-stack
                0x0000000000000000        0x0 binaries/xsh_argecho.o
 .note.GNU-stack
                0x0000000000000000        0x0 binaries/xsh_arp.o
 .note.GNU-stack
                0x0000000000000000        0x0 binaries/xsh_cat.o
 .note.GNU-stack
                0x0000000000000000        0x0 binaries/xsh_clear.o
 .note.GNU-stack
                0x0000000000000000        0x0 binaries/xsh_date.o
 .note.GNU-stack
                0x0000000000000000        0x0 binaries/xsh_devdump.o
 .note.GNU-stack
                0x0000000000000000        0x0 binaries/xsh_echo.o
 .note.GNU-stack
                0x0000000000000000        0x0 binaries/xsh_exit.o
 .note.GNU-stack
                0x0000000000000000        0x0 binaries/xsh_help.o
 .note.GNU-stack
                0x0000000000000000        0x0 binaries/xsh_ipaddr.o
 .note.GNU-stack
                0x0000000000000000        0x0 binaries/xsh_kill.o
 .note.GNU-stack
                0x0000000000000000        0x0 binaries/xsh_memdump.o
 .note.GNU-stack
                0x0000000000000000        0x0 binaries/xsh_memstat.o
 .note.GNU-stack
                0x0000000000000000        0x0 binaries/xsh_ping.o
 .note.GNU-stack
                0x0000000000000000        0x0 binaries/xsh_ps.o
 .note.GNU-stack
                0x0000000000000000        0x0 binaries/xsh_ship.o
 .note.GNU-stack
                0x0000000000000000        0x0 binaries/xsh_sleep.o
 .note.GNU-stack
                0x0000000000000000        0x0 binaries/xsh_udpdump.o
 .note.GNU-stack
                0x0000000000000000        0x0 binaries/xsh_udpecho.o
 .note.GNU-stack
                0x0000000000000000        0x0 binaries/xsh_udpeserver.o
 .note.GNU-stack
                0x0000000000000000        0x0 binaries/xsh_uptime.o
